../Src/main.c:53:5:main	8	static
../Src/main.c:79:10:get_psp_value	4	static
../Src/main.c:83:30:switch_sp_to_psp	0	static
../Src/main.c:102:6:enable_processor_faults	16	static
../Src/main.c:111:6:init_task_stacks	24	static
../Src/main.c:140:29:init_scheduler_stack	0	static
../Src/main.c:146:6:init_systick_timer	32	static
../Src/main.c:176:6:SysTick_Handler	8	static
../Src/main.c:180:6:task1_handler	8	static
../Src/main.c:186:6:task2_handler	8	static
../Src/main.c:192:6:task3_handler	8	static
../Src/main.c:198:6:task4_handler	8	static
../Src/main.c:204:6:HardFault_Handler	8	static
../Src/main.c:210:6:MemManage_Handler	8	static
../Src/main.c:215:6:BusFault_Handler	8	static
