../Src/printer.h:22:6:ITM_SendChar	16	static
../Src/printer.h:36:6:ITM_SendString	16	static
../Src/main.c:61:5:main	8	static
../Src/main.c:86:30:SysTick_Handler	0	static
../Src/main.c:144:6:update_next_task	4	static
../Src/main.c:149:6:save_psp_value	16	static
../Src/main.c:153:10:get_psp_value	4	static
../Src/main.c:157:30:switch_sp_to_psp	0	static
../Src/main.c:181:6:enable_processor_faults	16	static
../Src/main.c:190:6:init_task_stacks	24	static
../Src/main.c:225:29:init_scheduler_stack	0	static
../Src/main.c:231:6:init_systick_timer	32	static
../Src/main.c:261:6:task1_handler	64	static
../Src/main.c:269:6:task2_handler	64	static
../Src/main.c:277:6:task3_handler	64	static
../Src/main.c:285:6:task4_handler	64	static
../Src/main.c:293:6:HardFault_Handler	8	static
../Src/main.c:299:6:MemManage_Handler	8	static
../Src/main.c:304:6:BusFault_Handler	8	static
