../Src/printer.h:22:6:ITM_SendChar	16	static
../Src/printer.h:36:6:ITM_SendString	16	static
../Src/main.c:61:5:main	8	static
../Src/main.c:86:30:SysTick_Handler	0	static
../Src/main.c:134:6:update_next_task	4	static
../Src/main.c:139:6:save_psp_value	16	static
../Src/main.c:143:10:get_psp_value	4	static
../Src/main.c:147:30:switch_sp_to_psp	0	static
../Src/main.c:171:6:enable_processor_faults	16	static
../Src/main.c:180:6:init_task_stacks	24	static
../Src/main.c:215:29:init_scheduler_stack	0	static
../Src/main.c:221:6:init_systick_timer	32	static
../Src/main.c:244:6:task1_handler	64	static
../Src/main.c:252:6:task2_handler	64	static
../Src/main.c:260:6:task3_handler	64	static
../Src/main.c:268:6:task4_handler	64	static
../Src/main.c:276:6:HardFault_Handler	8	static
../Src/main.c:282:6:MemManage_Handler	8	static
../Src/main.c:287:6:BusFault_Handler	8	static
