
There are no discarded input sections

Memory Configuration

Name             Origin             Length             Attributes
FLASH            0x08000000         0x00100000         xr
SRAM             0x20000000         0x00020000         xrw
*default*        0x00000000         0xffffffff

Linker script and memory map

LOAD main.o
LOAD stm32_startup.o

.text           0x08000000      0x520
 *(.isr_vector)
 .isr_vector    0x08000000      0x188 stm32_startup.o
                0x08000000                vectors
 *(.text)
 .text          0x08000188      0x30c main.o
                0x08000188                ITM_SendChar
                0x080001d0                ITM_SendString
                0x080001fa                main
                0x08000250                SysTick_Handler
                0x08000292                update_next_task
                0x080002bc                save_psp_value
                0x080002e4                get_psp_value
                0x08000304                switch_sp_to_psp
                0x0800031e                enable_processor_faults
                0x0800035c                init_task_stacks
                0x080003e8                init_scheduler_stack
                0x080003f2                init_systick_timer
                0x0800045c                task1_handler
                0x08000464                task2_handler
                0x0800046c                task3_handler
                0x08000474                task4_handler
                0x0800047c                HardFault_Handler
                0x08000484                MemManage_Handler
                0x0800048c                BusFault_Handler
 .text          0x08000494       0x8c stm32_startup.o
                0x08000494                RTC_Alarm_IRQHandler
                0x08000494                HASH_RNG_IRQHandler
                0x08000494                EXTI2_IRQHandler
                0x08000494                TIM8_CC_IRQHandler
                0x08000494                DebugMon_Handler
                0x08000494                TIM1_CC_IRQHandler
                0x08000494                DMA2_Stream5_IRQHandler
                0x08000494                DMA1_Stream5_IRQHandler
                0x08000494                PVD_IRQHandler
                0x08000494                SDIO_IRQHandler
                0x08000494                TAMP_STAMP_IRQHandler
                0x08000494                PendSV_Handler
                0x08000494                NMI_Handler
                0x08000494                CAN2_RX1_IRQHandler
                0x08000494                EXTI3_IRQHandler
                0x08000494                TIM8_TRG_COM_TIM14_IRQHandler
                0x08000494                TIM1_UP_TIM10_IRQHandler
                0x08000494                TIM8_UP_TIM13_IRQHandler
                0x08000494                I2C3_ER_IRQHandler
                0x08000494                EXTI0_IRQHandler
                0x08000494                I2C2_EV_IRQHandler
                0x08000494                DMA1_Stream2_IRQHandler
                0x08000494                CAN1_RX0_IRQHandler
                0x08000494                FPU_IRQHandler
                0x08000494                OTG_HS_WKUP_IRQHandler
                0x08000494                UsageFault_Handler
                0x08000494                CAN2_SCE_IRQHandler
                0x08000494                DMA2_Stream2_IRQHandler
                0x08000494                SPI1_IRQHandler
                0x08000494                TIM6_DAC_IRQHandler
                0x08000494                TIM1_BRK_TIM9_IRQHandler
                0x08000494                DCMI_IRQHandler
                0x08000494                CAN2_RX0_IRQHandler
                0x08000494                DMA2_Stream3_IRQHandler
                0x08000494                USART6_IRQHandler
                0x08000494                USART3_IRQHandler
                0x08000494                CRYP_IRQHandler
                0x08000494                CAN1_RX1_IRQHandler
                0x08000494                UART5_IRQHandler
                0x08000494                DMA2_Stream0_IRQHandler
                0x08000494                TIM4_IRQHandler
                0x08000494                I2C1_EV_IRQHandler
                0x08000494                DMA1_Stream6_IRQHandler
                0x08000494                DMA1_Stream1_IRQHandler
                0x08000494                UART4_IRQHandler
                0x08000494                TIM3_IRQHandler
                0x08000494                RCC_IRQHandler
                0x08000494                TIM8_BRK_TIM12_IRQHandler
                0x08000494                Default_Handler
                0x08000494                EXTI15_10_IRQHandler
                0x08000494                ADC_IRQHandler
                0x08000494                DMA1_Stream7_IRQHandler
                0x08000494                TIM7_IRQHandler
                0x08000494                CAN2_TX_IRQHandler
                0x08000494                TIM5_IRQHandler
                0x08000494                DMA2_Stream7_IRQHandler
                0x08000494                I2C3_EV_IRQHandler
                0x08000494                EXTI9_5_IRQHandler
                0x08000494                RTC_WKUP_IRQHandler
                0x08000494                ETH_WKUP_IRQHandler
                0x08000494                SPI2_IRQHandler
                0x08000494                OTG_HS_EP1_IN_IRQHandler
                0x08000494                DMA1_Stream0_IRQHandler
                0x08000494                CAN1_TX_IRQHandler
                0x08000494                SVC_Handler
                0x08000494                EXTI4_IRQHandler
                0x08000494                FSMC_IRQHandler
                0x08000494                ETH_IRQHandler
                0x08000494                OTG_HS_EP1_OUT_IRQHandler
                0x08000494                WWDG_IRQHandler
                0x08000494                TIM2_IRQHandler
                0x08000494                OTG_FS_WKUP_IRQHandler
                0x08000494                TIM1_TRG_COM_TIM11_IRQHandler
                0x08000494                OTG_HS_IRQHandler
                0x08000494                EXTI1_IRQHandler
                0x08000494                USART2_IRQHandler
                0x08000494                I2C2_ER_IRQHandler
                0x08000494                DMA2_Stream1_IRQHandler
                0x08000494                CAN1_SCE_IRQHandler
                0x08000494                DMA2_Stream4_IRQHandler
                0x08000494                USART1_IRQHandler
                0x08000494                OTG_FS_IRQHandler
                0x08000494                SPI3_IRQHandler
                0x08000494                DMA1_Stream4_IRQHandler
                0x08000494                I2C1_ER_IRQHandler
                0x08000494                DMA2_Stream6_IRQHandler
                0x08000494                DMA1_Stream3_IRQHandler
                0x0800049c                Reset_Handler
 *(.rodata)
                0x08000520                        . = ALIGN (0x4)
                0x08000520                        _end_of_text_section = .

.glue_7         0x08000520        0x0
 .glue_7        0x08000520        0x0 linker stubs

.glue_7t        0x08000520        0x0
 .glue_7t       0x08000520        0x0 linker stubs

.vfp11_veneer   0x08000520        0x0
 .vfp11_veneer  0x08000520        0x0 linker stubs

.v4_bx          0x08000520        0x0
 .v4_bx         0x08000520        0x0 linker stubs

.iplt           0x08000520        0x0
 .iplt          0x08000520        0x0 main.o

.rel.dyn        0x08000520        0x0
 .rel.iplt      0x08000520        0x0 main.o

.data           0x20000000       0x14 load address 0x08000520
                0x20000000                        _start_of_data_section = .
 *(.data)
 .data          0x20000000       0x11 main.o
                0x20000000                PSP_of_tasks
                0x20000010                current_task
 .data          0x20000011        0x0 stm32_startup.o
                0x20000014                        . = ALIGN (0x4)
 *fill*         0x20000011        0x3 
                0x20000014                        _end_of_data_section = .

.igot.plt       0x20000014        0x0 load address 0x08000534
 .igot.plt      0x20000014        0x0 main.o

.bss            0x20000014       0x10 load address 0x08000534
                0x20000014                        _start_of_bss_section = .
 *(.bss)
 .bss           0x20000014       0x10 main.o
                0x20000014                task_handlers
 .bss           0x20000024        0x0 stm32_startup.o
 *(COMMON)
                0x20000024                        . = ALIGN (0x4)
                0x20000024                        _end_of_bss_section = .
OUTPUT(run.elf elf32-littlearm)
LOAD linker stubs

.comment        0x00000000       0x26
 .comment       0x00000000       0x26 main.o
                                 0x27 (size before relaxing)
 .comment       0x00000026       0x27 stm32_startup.o

.ARM.attributes
                0x00000000       0x2e
 .ARM.attributes
                0x00000000       0x2e main.o
 .ARM.attributes
                0x0000002e       0x2e stm32_startup.o
