Archive member included to satisfy reference by file (symbol)

/usr/lib/gcc/arm-none-eabi/13.2.1/../../../arm-none-eabi/lib/libc_nano.a(libc_a-init.o)
                              /usr/lib/gcc/arm-none-eabi/13.2.1/../../../arm-none-eabi/lib/crt0.o (__libc_init_array)
/usr/lib/gcc/arm-none-eabi/13.2.1/../../../arm-none-eabi/lib/libc_nano.a(libc_a-puts.o)
                              main.o (puts)
/usr/lib/gcc/arm-none-eabi/13.2.1/../../../arm-none-eabi/lib/libc_nano.a(libc_a-findfp.o)
                              /usr/lib/gcc/arm-none-eabi/13.2.1/../../../arm-none-eabi/lib/libc_nano.a(libc_a-puts.o) (__sinit)
/usr/lib/gcc/arm-none-eabi/13.2.1/../../../arm-none-eabi/lib/libc_nano.a(libc_a-memset.o)
                              /usr/lib/gcc/arm-none-eabi/13.2.1/../../../arm-none-eabi/lib/crt0.o (memset)
/usr/lib/gcc/arm-none-eabi/13.2.1/../../../arm-none-eabi/lib/libc_nano.a(libc_a-fflush.o)
                              /usr/lib/gcc/arm-none-eabi/13.2.1/../../../arm-none-eabi/lib/libc_nano.a(libc_a-findfp.o) (_fflush_r)
/usr/lib/gcc/arm-none-eabi/13.2.1/../../../arm-none-eabi/lib/libc_nano.a(libc_a-errno.o)
                              syscalls.o (__errno)
/usr/lib/gcc/arm-none-eabi/13.2.1/../../../arm-none-eabi/lib/libc_nano.a(libc_a-mallocr.o)
                              /usr/lib/gcc/arm-none-eabi/13.2.1/../../../arm-none-eabi/lib/libc_nano.a(libc_a-findfp.o) (_malloc_r)
/usr/lib/gcc/arm-none-eabi/13.2.1/../../../arm-none-eabi/lib/libc_nano.a(libc_a-freer.o)
                              /usr/lib/gcc/arm-none-eabi/13.2.1/../../../arm-none-eabi/lib/libc_nano.a(libc_a-fflush.o) (_free_r)
/usr/lib/gcc/arm-none-eabi/13.2.1/../../../arm-none-eabi/lib/libc_nano.a(libc_a-fwalk.o)
                              /usr/lib/gcc/arm-none-eabi/13.2.1/../../../arm-none-eabi/lib/libc_nano.a(libc_a-findfp.o) (_fwalk_sglue)
/usr/lib/gcc/arm-none-eabi/13.2.1/../../../arm-none-eabi/lib/libc_nano.a(libc_a-wsetup.o)
                              /usr/lib/gcc/arm-none-eabi/13.2.1/../../../arm-none-eabi/lib/libc_nano.a(libc_a-puts.o) (__swsetup_r)
/usr/lib/gcc/arm-none-eabi/13.2.1/../../../arm-none-eabi/lib/libc_nano.a(libc_a-mlock.o)
                              /usr/lib/gcc/arm-none-eabi/13.2.1/../../../arm-none-eabi/lib/libc_nano.a(libc_a-mallocr.o) (__malloc_lock)
/usr/lib/gcc/arm-none-eabi/13.2.1/../../../arm-none-eabi/lib/libc_nano.a(libc_a-makebuf.o)
                              /usr/lib/gcc/arm-none-eabi/13.2.1/../../../arm-none-eabi/lib/libc_nano.a(libc_a-wsetup.o) (__smakebuf_r)
/usr/lib/gcc/arm-none-eabi/13.2.1/../../../arm-none-eabi/lib/libc_nano.a(libc_a-exit.o)
                              /usr/lib/gcc/arm-none-eabi/13.2.1/../../../arm-none-eabi/lib/crt0.o (exit)
/usr/lib/gcc/arm-none-eabi/13.2.1/../../../arm-none-eabi/lib/libc_nano.a(libc_a-atexit.o)
                              /usr/lib/gcc/arm-none-eabi/13.2.1/../../../arm-none-eabi/lib/crt0.o (atexit)
/usr/lib/gcc/arm-none-eabi/13.2.1/../../../arm-none-eabi/lib/libc_nano.a(libc_a-snprintf.o)
                              main.o (snprintf)
/usr/lib/gcc/arm-none-eabi/13.2.1/../../../arm-none-eabi/lib/libc_nano.a(libc_a-printf.o)
                              main.o (printf)
/usr/lib/gcc/arm-none-eabi/13.2.1/../../../arm-none-eabi/lib/libc_nano.a(libc_a-isattyr.o)
                              /usr/lib/gcc/arm-none-eabi/13.2.1/../../../arm-none-eabi/lib/libc_nano.a(libc_a-makebuf.o) (_isatty_r)
/usr/lib/gcc/arm-none-eabi/13.2.1/../../../arm-none-eabi/lib/libc_nano.a(libc_a-nano-vfprintf.o)
                              /usr/lib/gcc/arm-none-eabi/13.2.1/../../../arm-none-eabi/lib/libc_nano.a(libc_a-printf.o) (_vfprintf_r)
/usr/lib/gcc/arm-none-eabi/13.2.1/../../../arm-none-eabi/lib/libc_nano.a(libc_a-fini.o)
                              /usr/lib/gcc/arm-none-eabi/13.2.1/../../../arm-none-eabi/lib/crt0.o (__libc_fini_array)
/usr/lib/gcc/arm-none-eabi/13.2.1/../../../arm-none-eabi/lib/libc_nano.a(libc_a-wbuf.o)
                              /usr/lib/gcc/arm-none-eabi/13.2.1/../../../arm-none-eabi/lib/libc_nano.a(libc_a-puts.o) (__swbuf_r)
/usr/lib/gcc/arm-none-eabi/13.2.1/../../../arm-none-eabi/lib/libc_nano.a(libc_a-sbrkr.o)
                              /usr/lib/gcc/arm-none-eabi/13.2.1/../../../arm-none-eabi/lib/libc_nano.a(libc_a-mallocr.o) (_sbrk_r)
/usr/lib/gcc/arm-none-eabi/13.2.1/../../../arm-none-eabi/lib/libc_nano.a(libc_a-stdio.o)
                              /usr/lib/gcc/arm-none-eabi/13.2.1/../../../arm-none-eabi/lib/libc_nano.a(libc_a-findfp.o) (__sread)
/usr/lib/gcc/arm-none-eabi/13.2.1/../../../arm-none-eabi/lib/libc_nano.a(libc_a-impure.o)
                              /usr/lib/gcc/arm-none-eabi/13.2.1/../../../arm-none-eabi/lib/libc_nano.a(libc_a-puts.o) (_impure_ptr)
/usr/lib/gcc/arm-none-eabi/13.2.1/../../../arm-none-eabi/lib/libc_nano.a(libc_a-nano-svfprintf.o)
                              /usr/lib/gcc/arm-none-eabi/13.2.1/../../../arm-none-eabi/lib/libc_nano.a(libc_a-snprintf.o) (_svfprintf_r)
/usr/lib/gcc/arm-none-eabi/13.2.1/../../../arm-none-eabi/lib/libc_nano.a(libc_a-fvwrite.o)
                              /usr/lib/gcc/arm-none-eabi/13.2.1/../../../arm-none-eabi/lib/libc_nano.a(libc_a-nano-vfprintf.o) (__sfvwrite_r)
/usr/lib/gcc/arm-none-eabi/13.2.1/../../../arm-none-eabi/lib/libc_nano.a(libc_a-closer.o)
                              /usr/lib/gcc/arm-none-eabi/13.2.1/../../../arm-none-eabi/lib/libc_nano.a(libc_a-stdio.o) (_close_r)
/usr/lib/gcc/arm-none-eabi/13.2.1/../../../arm-none-eabi/lib/libc_nano.a(libc_a-memmove.o)
                              /usr/lib/gcc/arm-none-eabi/13.2.1/../../../arm-none-eabi/lib/libc_nano.a(libc_a-nano-svfprintf.o) (memmove)
/usr/lib/gcc/arm-none-eabi/13.2.1/../../../arm-none-eabi/lib/libc_nano.a(libc_a-readr.o)
                              /usr/lib/gcc/arm-none-eabi/13.2.1/../../../arm-none-eabi/lib/libc_nano.a(libc_a-stdio.o) (_read_r)
/usr/lib/gcc/arm-none-eabi/13.2.1/../../../arm-none-eabi/lib/libc_nano.a(libc_a-__atexit.o)
                              /usr/lib/gcc/arm-none-eabi/13.2.1/../../../arm-none-eabi/lib/libc_nano.a(libc_a-atexit.o) (__register_exitproc)
/usr/lib/gcc/arm-none-eabi/13.2.1/../../../arm-none-eabi/lib/libc_nano.a(libc_a-reent.o)
                              /usr/lib/gcc/arm-none-eabi/13.2.1/../../../arm-none-eabi/lib/libc_nano.a(libc_a-isattyr.o) (errno)
/usr/lib/gcc/arm-none-eabi/13.2.1/../../../arm-none-eabi/lib/libc_nano.a(libc_a-reallocr.o)
                              /usr/lib/gcc/arm-none-eabi/13.2.1/../../../arm-none-eabi/lib/libc_nano.a(libc_a-nano-svfprintf.o) (_realloc_r)
/usr/lib/gcc/arm-none-eabi/13.2.1/../../../arm-none-eabi/lib/libc_nano.a(libc_a-nano-vfprintf_i.o)
                              /usr/lib/gcc/arm-none-eabi/13.2.1/../../../arm-none-eabi/lib/libc_nano.a(libc_a-nano-vfprintf.o) (_printf_i)
/usr/lib/gcc/arm-none-eabi/13.2.1/../../../arm-none-eabi/lib/libc_nano.a(libc_a-fstatr.o)
                              /usr/lib/gcc/arm-none-eabi/13.2.1/../../../arm-none-eabi/lib/libc_nano.a(libc_a-makebuf.o) (_fstat_r)
/usr/lib/gcc/arm-none-eabi/13.2.1/../../../arm-none-eabi/lib/libc_nano.a(libc_a-lseekr.o)
                              /usr/lib/gcc/arm-none-eabi/13.2.1/../../../arm-none-eabi/lib/libc_nano.a(libc_a-stdio.o) (_lseek_r)
/usr/lib/gcc/arm-none-eabi/13.2.1/../../../arm-none-eabi/lib/libc_nano.a(libc_a-memchr-stub.o)
                              /usr/lib/gcc/arm-none-eabi/13.2.1/../../../arm-none-eabi/lib/libc_nano.a(libc_a-nano-vfprintf.o) (memchr)
/usr/lib/gcc/arm-none-eabi/13.2.1/../../../arm-none-eabi/lib/libc_nano.a(libc_a-memcpy-stub.o)
                              /usr/lib/gcc/arm-none-eabi/13.2.1/../../../arm-none-eabi/lib/libc_nano.a(libc_a-nano-svfprintf.o) (memcpy)
/usr/lib/gcc/arm-none-eabi/13.2.1/../../../arm-none-eabi/lib/libc_nano.a(libc_a-writer.o)
                              /usr/lib/gcc/arm-none-eabi/13.2.1/../../../arm-none-eabi/lib/libc_nano.a(libc_a-stdio.o) (_write_r)
/usr/lib/gcc/arm-none-eabi/13.2.1/../../../arm-none-eabi/lib/libc_nano.a(libc_a-msizer.o)
                              /usr/lib/gcc/arm-none-eabi/13.2.1/../../../arm-none-eabi/lib/libc_nano.a(libc_a-reallocr.o) (_malloc_usable_size_r)
/usr/lib/gcc/arm-none-eabi/13.2.1/../../../arm-none-eabi/lib/libc_nano.a(libc_a-__call_atexit.o)
                              /usr/lib/gcc/arm-none-eabi/13.2.1/../../../arm-none-eabi/lib/libc_nano.a(libc_a-__atexit.o) (__call_exitprocs)
/usr/lib/gcc/arm-none-eabi/13.2.1/libgcc.a(_udivsi3.o)
                              /usr/lib/gcc/arm-none-eabi/13.2.1/../../../arm-none-eabi/lib/libc_nano.a(libc_a-nano-vfprintf_i.o) (__aeabi_uidivmod)
/usr/lib/gcc/arm-none-eabi/13.2.1/libgcc.a(_divsi3.o)
                              /usr/lib/gcc/arm-none-eabi/13.2.1/../../../arm-none-eabi/lib/libc_nano.a(libc_a-fvwrite.o) (__aeabi_idiv)
/usr/lib/gcc/arm-none-eabi/13.2.1/libgcc.a(_dvmd_tls.o)
                              /usr/lib/gcc/arm-none-eabi/13.2.1/libgcc.a(_udivsi3.o) (__aeabi_idiv0)

There are no discarded input sections

Memory Configuration

Name             Origin             Length             Attributes
FLASH            0x08000000         0x00100000         xr
SRAM             0x20000000         0x00020000         xrw
*default*        0x00000000         0xffffffff

Linker script and memory map

LOAD /usr/lib/gcc/arm-none-eabi/13.2.1/crti.o
LOAD /usr/lib/gcc/arm-none-eabi/13.2.1/crtbegin.o
LOAD /usr/lib/gcc/arm-none-eabi/13.2.1/../../../arm-none-eabi/lib/crt0.o
LOAD main.o
LOAD stm32_startup.o
LOAD syscalls.o
START GROUP
LOAD /usr/lib/gcc/arm-none-eabi/13.2.1/libgcc.a
LOAD /usr/lib/gcc/arm-none-eabi/13.2.1/../../../arm-none-eabi/lib/libc_nano.a
END GROUP
START GROUP
LOAD /usr/lib/gcc/arm-none-eabi/13.2.1/libgcc.a
LOAD /usr/lib/gcc/arm-none-eabi/13.2.1/../../../arm-none-eabi/lib/libc_nano.a
END GROUP
LOAD /usr/lib/gcc/arm-none-eabi/13.2.1/crtend.o
LOAD /usr/lib/gcc/arm-none-eabi/13.2.1/crtn.o

.text           0x08000000     0x41ac
 *(.isr_vector)
 .isr_vector    0x08000000      0x188 stm32_startup.o
                0x08000000                vectors
 *(.text)
 .text          0x08000188        0x0 /usr/lib/gcc/arm-none-eabi/13.2.1/crti.o
 .text          0x08000188       0xdc /usr/lib/gcc/arm-none-eabi/13.2.1/crtbegin.o
 .text          0x08000264      0x130 /usr/lib/gcc/arm-none-eabi/13.2.1/../../../arm-none-eabi/lib/crt0.o
                0x08000264                _stack_init
                0x080002f4                _mainCRTStartup
                0x080002f4                _start
 .text          0x08000394      0x3a0 main.o
                0x08000394                ITM_SendChar
                0x080003dc                ITM_SendString
                0x08000406                main
                0x0800045c                SysTick_Handler
                0x0800049e                update_next_task
                0x080004c8                save_psp_value
                0x080004f0                get_psp_value
                0x08000510                switch_sp_to_psp
                0x0800052a                enable_processor_faults
                0x08000568                init_task_stacks
                0x080005f4                init_scheduler_stack
                0x080005fe                init_systick_timer
                0x08000668                task1_handler
                0x0800068c                task2_handler
                0x080006b0                task3_handler
                0x080006d4                task4_handler
                0x080006f8                HardFault_Handler
                0x0800070c                MemManage_Handler
                0x08000720                BusFault_Handler
 .text          0x08000734       0x8c stm32_startup.o
                0x08000734                RTC_Alarm_IRQHandler
                0x08000734                HASH_RNG_IRQHandler
                0x08000734                EXTI2_IRQHandler
                0x08000734                TIM8_CC_IRQHandler
                0x08000734                DebugMon_Handler
                0x08000734                TIM1_CC_IRQHandler
                0x08000734                DMA2_Stream5_IRQHandler
                0x08000734                DMA1_Stream5_IRQHandler
                0x08000734                PVD_IRQHandler
                0x08000734                SDIO_IRQHandler
                0x08000734                TAMP_STAMP_IRQHandler
                0x08000734                PendSV_Handler
                0x08000734                NMI_Handler
                0x08000734                CAN2_RX1_IRQHandler
                0x08000734                EXTI3_IRQHandler
                0x08000734                TIM8_TRG_COM_TIM14_IRQHandler
                0x08000734                TIM1_UP_TIM10_IRQHandler
                0x08000734                TIM8_UP_TIM13_IRQHandler
                0x08000734                I2C3_ER_IRQHandler
                0x08000734                EXTI0_IRQHandler
                0x08000734                I2C2_EV_IRQHandler
                0x08000734                DMA1_Stream2_IRQHandler
                0x08000734                CAN1_RX0_IRQHandler
                0x08000734                FPU_IRQHandler
                0x08000734                OTG_HS_WKUP_IRQHandler
                0x08000734                UsageFault_Handler
                0x08000734                CAN2_SCE_IRQHandler
                0x08000734                DMA2_Stream2_IRQHandler
                0x08000734                SPI1_IRQHandler
                0x08000734                TIM6_DAC_IRQHandler
                0x08000734                TIM1_BRK_TIM9_IRQHandler
                0x08000734                DCMI_IRQHandler
                0x08000734                CAN2_RX0_IRQHandler
                0x08000734                DMA2_Stream3_IRQHandler
                0x08000734                USART6_IRQHandler
                0x08000734                USART3_IRQHandler
                0x08000734                CRYP_IRQHandler
                0x08000734                CAN1_RX1_IRQHandler
                0x08000734                UART5_IRQHandler
                0x08000734                DMA2_Stream0_IRQHandler
                0x08000734                TIM4_IRQHandler
                0x08000734                I2C1_EV_IRQHandler
                0x08000734                DMA1_Stream6_IRQHandler
                0x08000734                DMA1_Stream1_IRQHandler
                0x08000734                UART4_IRQHandler
                0x08000734                TIM3_IRQHandler
                0x08000734                RCC_IRQHandler
                0x08000734                TIM8_BRK_TIM12_IRQHandler
                0x08000734                Default_Handler
                0x08000734                EXTI15_10_IRQHandler
                0x08000734                ADC_IRQHandler
                0x08000734                DMA1_Stream7_IRQHandler
                0x08000734                TIM7_IRQHandler
                0x08000734                CAN2_TX_IRQHandler
                0x08000734                TIM5_IRQHandler
                0x08000734                DMA2_Stream7_IRQHandler
                0x08000734                I2C3_EV_IRQHandler
                0x08000734                EXTI9_5_IRQHandler
                0x08000734                RTC_WKUP_IRQHandler
                0x08000734                ETH_WKUP_IRQHandler
                0x08000734                SPI2_IRQHandler
                0x08000734                OTG_HS_EP1_IN_IRQHandler
                0x08000734                DMA1_Stream0_IRQHandler
                0x08000734                CAN1_TX_IRQHandler
                0x08000734                SVC_Handler
                0x08000734                EXTI4_IRQHandler
                0x08000734                FSMC_IRQHandler
                0x08000734                ETH_IRQHandler
                0x08000734                OTG_HS_EP1_OUT_IRQHandler
                0x08000734                WWDG_IRQHandler
                0x08000734                TIM2_IRQHandler
                0x08000734                OTG_FS_WKUP_IRQHandler
                0x08000734                TIM1_TRG_COM_TIM11_IRQHandler
                0x08000734                OTG_HS_IRQHandler
                0x08000734                EXTI1_IRQHandler
                0x08000734                USART2_IRQHandler
                0x08000734                I2C2_ER_IRQHandler
                0x08000734                DMA2_Stream1_IRQHandler
                0x08000734                CAN1_SCE_IRQHandler
                0x08000734                DMA2_Stream4_IRQHandler
                0x08000734                USART1_IRQHandler
                0x08000734                OTG_FS_IRQHandler
                0x08000734                SPI3_IRQHandler
                0x08000734                DMA1_Stream4_IRQHandler
                0x08000734                I2C1_ER_IRQHandler
                0x08000734                DMA2_Stream6_IRQHandler
                0x08000734                DMA1_Stream3_IRQHandler
                0x0800073c                Reset_Handler
 .text          0x080007c0      0x25c syscalls.o
                0x080007c0                initialise_monitor_handles
                0x080007cc                _getpid
                0x080007da                _kill
                0x080007fa                _exit
                0x08000810                _read
                0x0800084a                _write
                0x08000882                _close
                0x08000898                _fstat
                0x080008b6                _isatty
                0x080008ca                _lseek
                0x080008e2                _open
                0x080008fc                _wait
                0x0800091a                _unlink
                0x08000938                _times
                0x0800094e                _stat
                0x0800096c                _link
                0x0800098c                _fork
                0x080009a2                _execve
                0x080009c4                _sbrk
 .text          0x08000a1c       0x90 /usr/lib/gcc/arm-none-eabi/13.2.1/../../../arm-none-eabi/lib/libc_nano.a(libc_a-init.o)
                0x08000a1c                __libc_init_array
 .text          0x08000aac      0x128 /usr/lib/gcc/arm-none-eabi/13.2.1/../../../arm-none-eabi/lib/libc_nano.a(libc_a-puts.o)
                0x08000aac                _puts_r
                0x08000bc0                puts
 .text          0x08000bd4      0x348 /usr/lib/gcc/arm-none-eabi/13.2.1/../../../arm-none-eabi/lib/libc_nano.a(libc_a-findfp.o)
                0x08000d8c                __sfp
                0x08000e9c                __sinit
                0x08000ecc                __sfp_lock_acquire
                0x08000ed0                __sfp_lock_release
                0x08000ed4                __fp_lock_all
                0x08000ef8                __fp_unlock_all
 .text          0x08000f1c       0xfc /usr/lib/gcc/arm-none-eabi/13.2.1/../../../arm-none-eabi/lib/libc_nano.a(libc_a-memset.o)
                0x08000f1c                memset
 .text          0x08001018      0x2f8 /usr/lib/gcc/arm-none-eabi/13.2.1/../../../arm-none-eabi/lib/libc_nano.a(libc_a-fflush.o)
                0x08001018                __sflush_r
                0x08001210                _fflush_r
                0x08001280                fflush
 .text          0x08001310       0x10 /usr/lib/gcc/arm-none-eabi/13.2.1/../../../arm-none-eabi/lib/libc_nano.a(libc_a-errno.o)
                0x08001310                __errno
 .text          0x08001320      0x234 /usr/lib/gcc/arm-none-eabi/13.2.1/../../../arm-none-eabi/lib/libc_nano.a(libc_a-mallocr.o)
                0x080013a8                _malloc_r
 .text          0x08001554      0x114 /usr/lib/gcc/arm-none-eabi/13.2.1/../../../arm-none-eabi/lib/libc_nano.a(libc_a-freer.o)
                0x08001554                _free_r
 .text          0x08001668       0x78 /usr/lib/gcc/arm-none-eabi/13.2.1/../../../arm-none-eabi/lib/libc_nano.a(libc_a-fwalk.o)
                0x08001668                _fwalk_sglue
 .text          0x080016e0      0x150 /usr/lib/gcc/arm-none-eabi/13.2.1/../../../arm-none-eabi/lib/libc_nano.a(libc_a-wsetup.o)
                0x080016e0                __swsetup_r
 .text          0x08001830        0x8 /usr/lib/gcc/arm-none-eabi/13.2.1/../../../arm-none-eabi/lib/libc_nano.a(libc_a-mlock.o)
                0x08001830                __malloc_lock
                0x08001834                __malloc_unlock
 .text          0x08001838      0x1ac /usr/lib/gcc/arm-none-eabi/13.2.1/../../../arm-none-eabi/lib/libc_nano.a(libc_a-makebuf.o)
                0x08001838                __smakebuf_r
                0x0800196c                __swhatbuf_r
 .text          0x080019e4       0x3c /usr/lib/gcc/arm-none-eabi/13.2.1/../../../arm-none-eabi/lib/libc_nano.a(libc_a-exit.o)
                0x080019e4                exit
 .text          0x08001a20       0x20 /usr/lib/gcc/arm-none-eabi/13.2.1/../../../arm-none-eabi/lib/libc_nano.a(libc_a-atexit.o)
                0x08001a20                atexit
 .text          0x08001a40      0x1a0 /usr/lib/gcc/arm-none-eabi/13.2.1/../../../arm-none-eabi/lib/libc_nano.a(libc_a-snprintf.o)
                0x08001a40                _sniprintf_r
                0x08001a40                _snprintf_r
                0x08001b08                snprintf
                0x08001b08                sniprintf
 .text          0x08001be0       0x6c /usr/lib/gcc/arm-none-eabi/13.2.1/../../../arm-none-eabi/lib/libc_nano.a(libc_a-printf.o)
                0x08001be0                _printf_r
                0x08001be0                _iprintf_r
                0x08001c10                printf
                0x08001c10                iprintf
 .text          0x08001c4c       0x3c /usr/lib/gcc/arm-none-eabi/13.2.1/../../../arm-none-eabi/lib/libc_nano.a(libc_a-isattyr.o)
                0x08001c4c                _isatty_r
 .text          0x08001c88      0x4b4 /usr/lib/gcc/arm-none-eabi/13.2.1/../../../arm-none-eabi/lib/libc_nano.a(libc_a-nano-vfprintf.o)
                0x08001cf0                __sfputs_r
                0x08001d50                __sprint_r
                0x08001d84                _vfiprintf_r
                0x08001d84                _vfprintf_r
                0x08002110                vfiprintf
                0x08002110                vfprintf
 .text          0x0800213c       0x44 /usr/lib/gcc/arm-none-eabi/13.2.1/../../../arm-none-eabi/lib/libc_nano.a(libc_a-fini.o)
                0x0800213c                __libc_fini_array
 .text          0x08002180      0x12c /usr/lib/gcc/arm-none-eabi/13.2.1/../../../arm-none-eabi/lib/libc_nano.a(libc_a-wbuf.o)
                0x08002180                __swbuf_r
                0x08002290                __swbuf
 .text          0x080022ac       0x44 /usr/lib/gcc/arm-none-eabi/13.2.1/../../../arm-none-eabi/lib/libc_nano.a(libc_a-sbrkr.o)
                0x080022ac                _sbrk_r
 .text          0x080022f0       0xdc /usr/lib/gcc/arm-none-eabi/13.2.1/../../../arm-none-eabi/lib/libc_nano.a(libc_a-stdio.o)
                0x080022f0                __sread
                0x08002324                __seofread
                0x0800232c                __swrite
                0x08002388                __sseek
                0x080023b8                __sclose
 .text          0x080023cc        0x0 /usr/lib/gcc/arm-none-eabi/13.2.1/../../../arm-none-eabi/lib/libc_nano.a(libc_a-impure.o)
 .text          0x080023cc      0x63c /usr/lib/gcc/arm-none-eabi/13.2.1/../../../arm-none-eabi/lib/libc_nano.a(libc_a-nano-svfprintf.o)
                0x080023cc                __ssputs_r
                0x080024f8                __ssprint_r
                0x08002690                _svfprintf_r
                0x08002690                _svfiprintf_r
 .text          0x08002a08      0x4c8 /usr/lib/gcc/arm-none-eabi/13.2.1/../../../arm-none-eabi/lib/libc_nano.a(libc_a-fvwrite.o)
                0x08002a08                __sfvwrite_r
 .text          0x08002ed0       0x3c /usr/lib/gcc/arm-none-eabi/13.2.1/../../../arm-none-eabi/lib/libc_nano.a(libc_a-closer.o)
                0x08002ed0                _close_r
 .text          0x08002f0c      0x154 /usr/lib/gcc/arm-none-eabi/13.2.1/../../../arm-none-eabi/lib/libc_nano.a(libc_a-memmove.o)
                0x08002f0c                memmove
 .text          0x08003060       0x48 /usr/lib/gcc/arm-none-eabi/13.2.1/../../../arm-none-eabi/lib/libc_nano.a(libc_a-readr.o)
                0x08003060                _read_r
 .text          0x080030a8      0x10c /usr/lib/gcc/arm-none-eabi/13.2.1/../../../arm-none-eabi/lib/libc_nano.a(libc_a-__atexit.o)
                0x080030a8                __register_exitproc
 .text          0x080031b4      0x184 /usr/lib/gcc/arm-none-eabi/13.2.1/../../../arm-none-eabi/lib/libc_nano.a(libc_a-reent.o)
                0x080031b4                _reclaim_reent
 .text          0x08003338       0x9c /usr/lib/gcc/arm-none-eabi/13.2.1/../../../arm-none-eabi/lib/libc_nano.a(libc_a-reallocr.o)
                0x08003338                _realloc_r
 .text          0x080033d4      0x610 /usr/lib/gcc/arm-none-eabi/13.2.1/../../../arm-none-eabi/lib/libc_nano.a(libc_a-nano-vfprintf_i.o)
                0x080033d4                _printf_common
                0x080035ac                _printf_i
 .text          0x080039e4       0x40 /usr/lib/gcc/arm-none-eabi/13.2.1/../../../arm-none-eabi/lib/libc_nano.a(libc_a-fstatr.o)
                0x080039e4                _fstat_r
 .text          0x08003a24       0x48 /usr/lib/gcc/arm-none-eabi/13.2.1/../../../arm-none-eabi/lib/libc_nano.a(libc_a-lseekr.o)
                0x08003a24                _lseek_r
 .text          0x08003a6c       0xf0 /usr/lib/gcc/arm-none-eabi/13.2.1/../../../arm-none-eabi/lib/libc_nano.a(libc_a-memchr-stub.o)
                0x08003a6c                memchr
 .text          0x08003b5c      0x114 /usr/lib/gcc/arm-none-eabi/13.2.1/../../../arm-none-eabi/lib/libc_nano.a(libc_a-memcpy-stub.o)
                0x08003b5c                memcpy
 .text          0x08003c70       0x48 /usr/lib/gcc/arm-none-eabi/13.2.1/../../../arm-none-eabi/lib/libc_nano.a(libc_a-writer.o)
                0x08003c70                _write_r
 .text          0x08003cb8       0x18 /usr/lib/gcc/arm-none-eabi/13.2.1/../../../arm-none-eabi/lib/libc_nano.a(libc_a-msizer.o)
                0x08003cb8                _malloc_usable_size_r
 .text          0x08003cd0      0x150 /usr/lib/gcc/arm-none-eabi/13.2.1/../../../arm-none-eabi/lib/libc_nano.a(libc_a-__call_atexit.o)
                0x08003cd0                __call_exitprocs
 .text          0x08003e20      0x114 /usr/lib/gcc/arm-none-eabi/13.2.1/libgcc.a(_udivsi3.o)
                0x08003e20                __udivsi3
                0x08003e20                __aeabi_uidiv
                0x08003f14                __aeabi_uidivmod
 .text          0x08003f34      0x148 /usr/lib/gcc/arm-none-eabi/13.2.1/libgcc.a(_divsi3.o)
                0x08003f34                __aeabi_idiv
                0x08003f34                __divsi3
                0x0800405c                __aeabi_idivmod
 .text          0x0800407c        0x4 /usr/lib/gcc/arm-none-eabi/13.2.1/libgcc.a(_dvmd_tls.o)
                0x0800407c                __aeabi_ldiv0
                0x0800407c                __aeabi_idiv0
 .text          0x08004080        0x0 /usr/lib/gcc/arm-none-eabi/13.2.1/crtend.o
 .text          0x08004080        0x0 /usr/lib/gcc/arm-none-eabi/13.2.1/crtn.o
 *(.text.*)
 *(.rodata)
 .rodata        0x08004080       0x24 /usr/lib/gcc/arm-none-eabi/13.2.1/crtbegin.o
 .rodata        0x080040a4       0xa7 main.o
 *fill*         0x0800414b        0x1 
 .rodata        0x0800414c       0x24 /usr/lib/gcc/arm-none-eabi/13.2.1/crtend.o
 *(.rodata.*)
 .rodata.str1.4
                0x08004170       0x39 /usr/lib/gcc/arm-none-eabi/13.2.1/../../../arm-none-eabi/lib/libc_nano.a(libc_a-nano-vfprintf.o)
                                 0x13 (size before relaxing)
 .rodata.str1.4
                0x080041a9       0x13 /usr/lib/gcc/arm-none-eabi/13.2.1/../../../arm-none-eabi/lib/libc_nano.a(libc_a-nano-svfprintf.o)
 .rodata.str1.4
                0x080041a9       0x25 /usr/lib/gcc/arm-none-eabi/13.2.1/../../../arm-none-eabi/lib/libc_nano.a(libc_a-nano-vfprintf_i.o)
                0x080041d0                        . = ALIGN (0x4)
 *fill*         0x080041a9        0x3 
                0x080041ac                        _end_of_text_section = .

.glue_7         0x080041ac        0x0
 .glue_7        0x080041ac        0x0 linker stubs

.glue_7t        0x080041ac        0x0
 .glue_7t       0x080041ac        0x0 linker stubs

.vfp11_veneer   0x080041ac        0x0
 .vfp11_veneer  0x080041ac        0x0 linker stubs

.v4_bx          0x080041ac        0x0
 .v4_bx         0x080041ac        0x0 linker stubs

.init           0x080041ac       0x18
 .init          0x080041ac        0xc /usr/lib/gcc/arm-none-eabi/13.2.1/crti.o
                0x080041ac                _init
 .init          0x080041b8        0xc /usr/lib/gcc/arm-none-eabi/13.2.1/crtn.o

.fini           0x080041c4       0x18
 .fini          0x080041c4        0xc /usr/lib/gcc/arm-none-eabi/13.2.1/crti.o
                0x080041c4                _fini
 .fini          0x080041d0        0xc /usr/lib/gcc/arm-none-eabi/13.2.1/crtn.o

.iplt           0x080041dc        0x0
 .iplt          0x080041dc        0x0 /usr/lib/gcc/arm-none-eabi/13.2.1/crtbegin.o

.eh_frame       0x080041dc        0x4
 .eh_frame      0x080041dc        0x0 /usr/lib/gcc/arm-none-eabi/13.2.1/crtbegin.o
 .eh_frame      0x080041dc        0x4 /usr/lib/gcc/arm-none-eabi/13.2.1/crtend.o

.ARM.extab      0x080041e0        0x0
 .ARM.extab     0x080041e0        0x0 /usr/lib/gcc/arm-none-eabi/13.2.1/../../../arm-none-eabi/lib/crt0.o

.ARM.exidx      0x080041e0        0x8
 .ARM.exidx     0x080041e0        0x8 /usr/lib/gcc/arm-none-eabi/13.2.1/../../../arm-none-eabi/lib/crt0.o
                                 0x10 (size before relaxing)

.rel.dyn        0x080041e8        0x0
 .rel.iplt      0x080041e8        0x0 /usr/lib/gcc/arm-none-eabi/13.2.1/crtbegin.o

.data           0x20000000       0x7c load address 0x080041e8
                0x20000000                        _start_of_data_section = .
 *(.data)
 .data          0x20000000        0x0 /usr/lib/gcc/arm-none-eabi/13.2.1/crti.o
 .data          0x20000000        0x4 /usr/lib/gcc/arm-none-eabi/13.2.1/crtbegin.o
                0x20000000                __dso_handle
 .data          0x20000004        0x0 /usr/lib/gcc/arm-none-eabi/13.2.1/../../../arm-none-eabi/lib/crt0.o
 .data          0x20000004       0x11 main.o
                0x20000004                PSP_of_tasks
                0x20000014                current_task
 .data          0x20000015        0x0 stm32_startup.o
 *fill*         0x20000015        0x3 
 .data          0x20000018        0x4 syscalls.o
                0x20000018                environ
 .data          0x2000001c        0x0 /usr/lib/gcc/arm-none-eabi/13.2.1/../../../arm-none-eabi/lib/libc_nano.a(libc_a-init.o)
 .data          0x2000001c        0x0 /usr/lib/gcc/arm-none-eabi/13.2.1/../../../arm-none-eabi/lib/libc_nano.a(libc_a-puts.o)
 .data          0x2000001c        0xc /usr/lib/gcc/arm-none-eabi/13.2.1/../../../arm-none-eabi/lib/libc_nano.a(libc_a-findfp.o)
                0x2000001c                __sglue
 .data          0x20000028        0x0 /usr/lib/gcc/arm-none-eabi/13.2.1/../../../arm-none-eabi/lib/libc_nano.a(libc_a-memset.o)
 .data          0x20000028        0x0 /usr/lib/gcc/arm-none-eabi/13.2.1/../../../arm-none-eabi/lib/libc_nano.a(libc_a-fflush.o)
 .data          0x20000028        0x0 /usr/lib/gcc/arm-none-eabi/13.2.1/../../../arm-none-eabi/lib/libc_nano.a(libc_a-errno.o)
 .data          0x20000028        0x0 /usr/lib/gcc/arm-none-eabi/13.2.1/../../../arm-none-eabi/lib/libc_nano.a(libc_a-mallocr.o)
 .data          0x20000028        0x0 /usr/lib/gcc/arm-none-eabi/13.2.1/../../../arm-none-eabi/lib/libc_nano.a(libc_a-freer.o)
 .data          0x20000028        0x0 /usr/lib/gcc/arm-none-eabi/13.2.1/../../../arm-none-eabi/lib/libc_nano.a(libc_a-fwalk.o)
 .data          0x20000028        0x0 /usr/lib/gcc/arm-none-eabi/13.2.1/../../../arm-none-eabi/lib/libc_nano.a(libc_a-wsetup.o)
 .data          0x20000028        0x0 /usr/lib/gcc/arm-none-eabi/13.2.1/../../../arm-none-eabi/lib/libc_nano.a(libc_a-mlock.o)
 .data          0x20000028        0x0 /usr/lib/gcc/arm-none-eabi/13.2.1/../../../arm-none-eabi/lib/libc_nano.a(libc_a-makebuf.o)
 .data          0x20000028        0x0 /usr/lib/gcc/arm-none-eabi/13.2.1/../../../arm-none-eabi/lib/libc_nano.a(libc_a-exit.o)
 .data          0x20000028        0x0 /usr/lib/gcc/arm-none-eabi/13.2.1/../../../arm-none-eabi/lib/libc_nano.a(libc_a-atexit.o)
 .data          0x20000028        0x0 /usr/lib/gcc/arm-none-eabi/13.2.1/../../../arm-none-eabi/lib/libc_nano.a(libc_a-snprintf.o)
 .data          0x20000028        0x0 /usr/lib/gcc/arm-none-eabi/13.2.1/../../../arm-none-eabi/lib/libc_nano.a(libc_a-printf.o)
 .data          0x20000028        0x0 /usr/lib/gcc/arm-none-eabi/13.2.1/../../../arm-none-eabi/lib/libc_nano.a(libc_a-isattyr.o)
 .data          0x20000028        0x0 /usr/lib/gcc/arm-none-eabi/13.2.1/../../../arm-none-eabi/lib/libc_nano.a(libc_a-nano-vfprintf.o)
 .data          0x20000028        0x0 /usr/lib/gcc/arm-none-eabi/13.2.1/../../../arm-none-eabi/lib/libc_nano.a(libc_a-fini.o)
 .data          0x20000028        0x0 /usr/lib/gcc/arm-none-eabi/13.2.1/../../../arm-none-eabi/lib/libc_nano.a(libc_a-wbuf.o)
 .data          0x20000028        0x0 /usr/lib/gcc/arm-none-eabi/13.2.1/../../../arm-none-eabi/lib/libc_nano.a(libc_a-sbrkr.o)
 .data          0x20000028        0x0 /usr/lib/gcc/arm-none-eabi/13.2.1/../../../arm-none-eabi/lib/libc_nano.a(libc_a-stdio.o)
 .data          0x20000028       0x50 /usr/lib/gcc/arm-none-eabi/13.2.1/../../../arm-none-eabi/lib/libc_nano.a(libc_a-impure.o)
                0x20000028                _impure_ptr
                0x2000002c                _impure_data
 .data          0x20000078        0x0 /usr/lib/gcc/arm-none-eabi/13.2.1/../../../arm-none-eabi/lib/libc_nano.a(libc_a-nano-svfprintf.o)
 .data          0x20000078        0x0 /usr/lib/gcc/arm-none-eabi/13.2.1/../../../arm-none-eabi/lib/libc_nano.a(libc_a-fvwrite.o)
 .data          0x20000078        0x0 /usr/lib/gcc/arm-none-eabi/13.2.1/../../../arm-none-eabi/lib/libc_nano.a(libc_a-closer.o)
 .data          0x20000078        0x0 /usr/lib/gcc/arm-none-eabi/13.2.1/../../../arm-none-eabi/lib/libc_nano.a(libc_a-memmove.o)
 .data          0x20000078        0x0 /usr/lib/gcc/arm-none-eabi/13.2.1/../../../arm-none-eabi/lib/libc_nano.a(libc_a-readr.o)
 .data          0x20000078        0x4 /usr/lib/gcc/arm-none-eabi/13.2.1/../../../arm-none-eabi/lib/libc_nano.a(libc_a-__atexit.o)
                0x20000078                __atexit_dummy
 .data          0x2000007c        0x0 /usr/lib/gcc/arm-none-eabi/13.2.1/../../../arm-none-eabi/lib/libc_nano.a(libc_a-reent.o)
 .data          0x2000007c        0x0 /usr/lib/gcc/arm-none-eabi/13.2.1/../../../arm-none-eabi/lib/libc_nano.a(libc_a-reallocr.o)
 .data          0x2000007c        0x0 /usr/lib/gcc/arm-none-eabi/13.2.1/../../../arm-none-eabi/lib/libc_nano.a(libc_a-nano-vfprintf_i.o)
 .data          0x2000007c        0x0 /usr/lib/gcc/arm-none-eabi/13.2.1/../../../arm-none-eabi/lib/libc_nano.a(libc_a-fstatr.o)
 .data          0x2000007c        0x0 /usr/lib/gcc/arm-none-eabi/13.2.1/../../../arm-none-eabi/lib/libc_nano.a(libc_a-lseekr.o)
 .data          0x2000007c        0x0 /usr/lib/gcc/arm-none-eabi/13.2.1/../../../arm-none-eabi/lib/libc_nano.a(libc_a-memchr-stub.o)
 .data          0x2000007c        0x0 /usr/lib/gcc/arm-none-eabi/13.2.1/../../../arm-none-eabi/lib/libc_nano.a(libc_a-memcpy-stub.o)
 .data          0x2000007c        0x0 /usr/lib/gcc/arm-none-eabi/13.2.1/../../../arm-none-eabi/lib/libc_nano.a(libc_a-writer.o)
 .data          0x2000007c        0x0 /usr/lib/gcc/arm-none-eabi/13.2.1/../../../arm-none-eabi/lib/libc_nano.a(libc_a-msizer.o)
 .data          0x2000007c        0x0 /usr/lib/gcc/arm-none-eabi/13.2.1/../../../arm-none-eabi/lib/libc_nano.a(libc_a-__call_atexit.o)
 .data          0x2000007c        0x0 /usr/lib/gcc/arm-none-eabi/13.2.1/libgcc.a(_udivsi3.o)
 .data          0x2000007c        0x0 /usr/lib/gcc/arm-none-eabi/13.2.1/libgcc.a(_divsi3.o)
 .data          0x2000007c        0x0 /usr/lib/gcc/arm-none-eabi/13.2.1/libgcc.a(_dvmd_tls.o)
 .data          0x2000007c        0x0 /usr/lib/gcc/arm-none-eabi/13.2.1/crtend.o
 .data          0x2000007c        0x0 /usr/lib/gcc/arm-none-eabi/13.2.1/crtn.o
 *(.data.*)
                0x2000007c                        . = ALIGN (0x4)
                0x2000007c                        _end_of_data_section = .

.init_array     0x2000007c        0x4 load address 0x08004264
 .init_array    0x2000007c        0x4 /usr/lib/gcc/arm-none-eabi/13.2.1/crtbegin.o

.fini_array     0x20000080        0x4 load address 0x08004268
 .fini_array    0x20000080        0x4 /usr/lib/gcc/arm-none-eabi/13.2.1/crtbegin.o

.tm_clone_table
                0x20000084        0x0 load address 0x0800426c
 .tm_clone_table
                0x20000084        0x0 /usr/lib/gcc/arm-none-eabi/13.2.1/crtbegin.o
 .tm_clone_table
                0x20000084        0x0 /usr/lib/gcc/arm-none-eabi/13.2.1/crtend.o

.igot.plt       0x20000084        0x0 load address 0x0800426c
 .igot.plt      0x20000084        0x0 /usr/lib/gcc/arm-none-eabi/13.2.1/crtbegin.o

.bss            0x20000084      0x20c load address 0x0800426c
                0x20000084                        _start_of_bss_section = .
                0x20000084                        __bss_start__ = _start_of_bss_section
 *(.bss)
 .bss           0x20000084        0x0 /usr/lib/gcc/arm-none-eabi/13.2.1/crti.o
 .bss           0x20000084       0x1c /usr/lib/gcc/arm-none-eabi/13.2.1/crtbegin.o
 .bss           0x200000a0        0x0 /usr/lib/gcc/arm-none-eabi/13.2.1/../../../arm-none-eabi/lib/crt0.o
 .bss           0x200000a0       0x10 main.o
                0x200000a0                task_handlers
 .bss           0x200000b0        0x0 stm32_startup.o
 .bss           0x200000b0        0x8 syscalls.o
                0x200000b0                __env
 .bss           0x200000b8        0x0 /usr/lib/gcc/arm-none-eabi/13.2.1/../../../arm-none-eabi/lib/libc_nano.a(libc_a-init.o)
 .bss           0x200000b8        0x0 /usr/lib/gcc/arm-none-eabi/13.2.1/../../../arm-none-eabi/lib/libc_nano.a(libc_a-puts.o)
 .bss           0x200000b8      0x13c /usr/lib/gcc/arm-none-eabi/13.2.1/../../../arm-none-eabi/lib/libc_nano.a(libc_a-findfp.o)
                0x200000b8                __sf
                0x200001f0                __stdio_exit_handler
 .bss           0x200001f4        0x0 /usr/lib/gcc/arm-none-eabi/13.2.1/../../../arm-none-eabi/lib/libc_nano.a(libc_a-memset.o)
 .bss           0x200001f4        0x0 /usr/lib/gcc/arm-none-eabi/13.2.1/../../../arm-none-eabi/lib/libc_nano.a(libc_a-fflush.o)
 .bss           0x200001f4        0x0 /usr/lib/gcc/arm-none-eabi/13.2.1/../../../arm-none-eabi/lib/libc_nano.a(libc_a-errno.o)
 .bss           0x200001f4        0x8 /usr/lib/gcc/arm-none-eabi/13.2.1/../../../arm-none-eabi/lib/libc_nano.a(libc_a-mallocr.o)
                0x200001f4                __malloc_sbrk_start
                0x200001f8                __malloc_free_list
 .bss           0x200001fc        0x0 /usr/lib/gcc/arm-none-eabi/13.2.1/../../../arm-none-eabi/lib/libc_nano.a(libc_a-freer.o)
 .bss           0x200001fc        0x0 /usr/lib/gcc/arm-none-eabi/13.2.1/../../../arm-none-eabi/lib/libc_nano.a(libc_a-fwalk.o)
 .bss           0x200001fc        0x0 /usr/lib/gcc/arm-none-eabi/13.2.1/../../../arm-none-eabi/lib/libc_nano.a(libc_a-wsetup.o)
 .bss           0x200001fc        0x0 /usr/lib/gcc/arm-none-eabi/13.2.1/../../../arm-none-eabi/lib/libc_nano.a(libc_a-mlock.o)
 .bss           0x200001fc        0x0 /usr/lib/gcc/arm-none-eabi/13.2.1/../../../arm-none-eabi/lib/libc_nano.a(libc_a-makebuf.o)
 .bss           0x200001fc        0x0 /usr/lib/gcc/arm-none-eabi/13.2.1/../../../arm-none-eabi/lib/libc_nano.a(libc_a-exit.o)
 .bss           0x200001fc        0x0 /usr/lib/gcc/arm-none-eabi/13.2.1/../../../arm-none-eabi/lib/libc_nano.a(libc_a-atexit.o)
 .bss           0x200001fc        0x0 /usr/lib/gcc/arm-none-eabi/13.2.1/../../../arm-none-eabi/lib/libc_nano.a(libc_a-snprintf.o)
 .bss           0x200001fc        0x0 /usr/lib/gcc/arm-none-eabi/13.2.1/../../../arm-none-eabi/lib/libc_nano.a(libc_a-printf.o)
 .bss           0x200001fc        0x0 /usr/lib/gcc/arm-none-eabi/13.2.1/../../../arm-none-eabi/lib/libc_nano.a(libc_a-isattyr.o)
 .bss           0x200001fc        0x0 /usr/lib/gcc/arm-none-eabi/13.2.1/../../../arm-none-eabi/lib/libc_nano.a(libc_a-nano-vfprintf.o)
 .bss           0x200001fc        0x0 /usr/lib/gcc/arm-none-eabi/13.2.1/../../../arm-none-eabi/lib/libc_nano.a(libc_a-fini.o)
 .bss           0x200001fc        0x0 /usr/lib/gcc/arm-none-eabi/13.2.1/../../../arm-none-eabi/lib/libc_nano.a(libc_a-wbuf.o)
 .bss           0x200001fc        0x0 /usr/lib/gcc/arm-none-eabi/13.2.1/../../../arm-none-eabi/lib/libc_nano.a(libc_a-sbrkr.o)
 .bss           0x200001fc        0x0 /usr/lib/gcc/arm-none-eabi/13.2.1/../../../arm-none-eabi/lib/libc_nano.a(libc_a-stdio.o)
 .bss           0x200001fc        0x0 /usr/lib/gcc/arm-none-eabi/13.2.1/../../../arm-none-eabi/lib/libc_nano.a(libc_a-impure.o)
 .bss           0x200001fc        0x0 /usr/lib/gcc/arm-none-eabi/13.2.1/../../../arm-none-eabi/lib/libc_nano.a(libc_a-nano-svfprintf.o)
 .bss           0x200001fc        0x0 /usr/lib/gcc/arm-none-eabi/13.2.1/../../../arm-none-eabi/lib/libc_nano.a(libc_a-fvwrite.o)
 .bss           0x200001fc        0x0 /usr/lib/gcc/arm-none-eabi/13.2.1/../../../arm-none-eabi/lib/libc_nano.a(libc_a-closer.o)
 .bss           0x200001fc        0x0 /usr/lib/gcc/arm-none-eabi/13.2.1/../../../arm-none-eabi/lib/libc_nano.a(libc_a-memmove.o)
 .bss           0x200001fc        0x0 /usr/lib/gcc/arm-none-eabi/13.2.1/../../../arm-none-eabi/lib/libc_nano.a(libc_a-readr.o)
 .bss           0x200001fc       0x8c /usr/lib/gcc/arm-none-eabi/13.2.1/../../../arm-none-eabi/lib/libc_nano.a(libc_a-__atexit.o)
                0x200001fc                __atexit0
 .bss           0x20000288        0x4 /usr/lib/gcc/arm-none-eabi/13.2.1/../../../arm-none-eabi/lib/libc_nano.a(libc_a-reent.o)
                0x20000288                errno
 .bss           0x2000028c        0x0 /usr/lib/gcc/arm-none-eabi/13.2.1/../../../arm-none-eabi/lib/libc_nano.a(libc_a-reallocr.o)
 .bss           0x2000028c        0x0 /usr/lib/gcc/arm-none-eabi/13.2.1/../../../arm-none-eabi/lib/libc_nano.a(libc_a-nano-vfprintf_i.o)
 .bss           0x2000028c        0x0 /usr/lib/gcc/arm-none-eabi/13.2.1/../../../arm-none-eabi/lib/libc_nano.a(libc_a-fstatr.o)
 .bss           0x2000028c        0x0 /usr/lib/gcc/arm-none-eabi/13.2.1/../../../arm-none-eabi/lib/libc_nano.a(libc_a-lseekr.o)
 .bss           0x2000028c        0x0 /usr/lib/gcc/arm-none-eabi/13.2.1/../../../arm-none-eabi/lib/libc_nano.a(libc_a-memchr-stub.o)
 .bss           0x2000028c        0x0 /usr/lib/gcc/arm-none-eabi/13.2.1/../../../arm-none-eabi/lib/libc_nano.a(libc_a-memcpy-stub.o)
 .bss           0x2000028c        0x0 /usr/lib/gcc/arm-none-eabi/13.2.1/../../../arm-none-eabi/lib/libc_nano.a(libc_a-writer.o)
 .bss           0x2000028c        0x0 /usr/lib/gcc/arm-none-eabi/13.2.1/../../../arm-none-eabi/lib/libc_nano.a(libc_a-msizer.o)
 .bss           0x2000028c        0x4 /usr/lib/gcc/arm-none-eabi/13.2.1/../../../arm-none-eabi/lib/libc_nano.a(libc_a-__call_atexit.o)
                0x2000028c                __atexit
 .bss           0x20000290        0x0 /usr/lib/gcc/arm-none-eabi/13.2.1/libgcc.a(_udivsi3.o)
 .bss           0x20000290        0x0 /usr/lib/gcc/arm-none-eabi/13.2.1/libgcc.a(_divsi3.o)
 .bss           0x20000290        0x0 /usr/lib/gcc/arm-none-eabi/13.2.1/libgcc.a(_dvmd_tls.o)
 .bss           0x20000290        0x0 /usr/lib/gcc/arm-none-eabi/13.2.1/crtend.o
 .bss           0x20000290        0x0 /usr/lib/gcc/arm-none-eabi/13.2.1/crtn.o
 *(COMMON)
                0x20000290                        . = ALIGN (0x4)
                0x20000290                        _end_of_bss_section = .
                0x20000290                        __bss_end__ = _end_of_bss_section
                0x20000290                        . = ALIGN (0x4)
                0x20000290                        end = .
OUTPUT(run.elf elf32-littlearm)
LOAD linker stubs

.ARM.attributes
                0x00000000       0x2c
 .ARM.attributes
                0x00000000       0x1c /usr/lib/gcc/arm-none-eabi/13.2.1/crti.o
 .ARM.attributes
                0x0000001c       0x2a /usr/lib/gcc/arm-none-eabi/13.2.1/crtbegin.o
 .ARM.attributes
                0x00000046       0x1a /usr/lib/gcc/arm-none-eabi/13.2.1/../../../arm-none-eabi/lib/crt0.o
 .ARM.attributes
                0x00000060       0x2e main.o
 .ARM.attributes
                0x0000008e       0x2e stm32_startup.o
 .ARM.attributes
                0x000000bc       0x2e syscalls.o
 .ARM.attributes
                0x000000ea       0x2a /usr/lib/gcc/arm-none-eabi/13.2.1/../../../arm-none-eabi/lib/libc_nano.a(libc_a-init.o)
 .ARM.attributes
                0x00000114       0x2a /usr/lib/gcc/arm-none-eabi/13.2.1/../../../arm-none-eabi/lib/libc_nano.a(libc_a-puts.o)
 .ARM.attributes
                0x0000013e       0x2a /usr/lib/gcc/arm-none-eabi/13.2.1/../../../arm-none-eabi/lib/libc_nano.a(libc_a-findfp.o)
 .ARM.attributes
                0x00000168       0x2a /usr/lib/gcc/arm-none-eabi/13.2.1/../../../arm-none-eabi/lib/libc_nano.a(libc_a-memset.o)
 .ARM.attributes
                0x00000192       0x2a /usr/lib/gcc/arm-none-eabi/13.2.1/../../../arm-none-eabi/lib/libc_nano.a(libc_a-fflush.o)
 .ARM.attributes
                0x000001bc       0x2a /usr/lib/gcc/arm-none-eabi/13.2.1/../../../arm-none-eabi/lib/libc_nano.a(libc_a-errno.o)
 .ARM.attributes
                0x000001e6       0x2a /usr/lib/gcc/arm-none-eabi/13.2.1/../../../arm-none-eabi/lib/libc_nano.a(libc_a-mallocr.o)
 .ARM.attributes
                0x00000210       0x2a /usr/lib/gcc/arm-none-eabi/13.2.1/../../../arm-none-eabi/lib/libc_nano.a(libc_a-freer.o)
 .ARM.attributes
                0x0000023a       0x2a /usr/lib/gcc/arm-none-eabi/13.2.1/../../../arm-none-eabi/lib/libc_nano.a(libc_a-fwalk.o)
 .ARM.attributes
                0x00000264       0x2a /usr/lib/gcc/arm-none-eabi/13.2.1/../../../arm-none-eabi/lib/libc_nano.a(libc_a-wsetup.o)
 .ARM.attributes
                0x0000028e       0x2a /usr/lib/gcc/arm-none-eabi/13.2.1/../../../arm-none-eabi/lib/libc_nano.a(libc_a-mlock.o)
 .ARM.attributes
                0x000002b8       0x2a /usr/lib/gcc/arm-none-eabi/13.2.1/../../../arm-none-eabi/lib/libc_nano.a(libc_a-makebuf.o)
 .ARM.attributes
                0x000002e2       0x2a /usr/lib/gcc/arm-none-eabi/13.2.1/../../../arm-none-eabi/lib/libc_nano.a(libc_a-exit.o)
 .ARM.attributes
                0x0000030c       0x2a /usr/lib/gcc/arm-none-eabi/13.2.1/../../../arm-none-eabi/lib/libc_nano.a(libc_a-atexit.o)
 .ARM.attributes
                0x00000336       0x2a /usr/lib/gcc/arm-none-eabi/13.2.1/../../../arm-none-eabi/lib/libc_nano.a(libc_a-snprintf.o)
 .ARM.attributes
                0x00000360       0x2a /usr/lib/gcc/arm-none-eabi/13.2.1/../../../arm-none-eabi/lib/libc_nano.a(libc_a-printf.o)
 .ARM.attributes
                0x0000038a       0x2a /usr/lib/gcc/arm-none-eabi/13.2.1/../../../arm-none-eabi/lib/libc_nano.a(libc_a-isattyr.o)
 .ARM.attributes
                0x000003b4       0x2a /usr/lib/gcc/arm-none-eabi/13.2.1/../../../arm-none-eabi/lib/libc_nano.a(libc_a-nano-vfprintf.o)
 .ARM.attributes
                0x000003de       0x2a /usr/lib/gcc/arm-none-eabi/13.2.1/../../../arm-none-eabi/lib/libc_nano.a(libc_a-fini.o)
 .ARM.attributes
                0x00000408       0x2a /usr/lib/gcc/arm-none-eabi/13.2.1/../../../arm-none-eabi/lib/libc_nano.a(libc_a-wbuf.o)
 .ARM.attributes
                0x00000432       0x2a /usr/lib/gcc/arm-none-eabi/13.2.1/../../../arm-none-eabi/lib/libc_nano.a(libc_a-sbrkr.o)
 .ARM.attributes
                0x0000045c       0x2a /usr/lib/gcc/arm-none-eabi/13.2.1/../../../arm-none-eabi/lib/libc_nano.a(libc_a-stdio.o)
 .ARM.attributes
                0x00000486       0x2a /usr/lib/gcc/arm-none-eabi/13.2.1/../../../arm-none-eabi/lib/libc_nano.a(libc_a-impure.o)
 .ARM.attributes
                0x000004b0       0x2a /usr/lib/gcc/arm-none-eabi/13.2.1/../../../arm-none-eabi/lib/libc_nano.a(libc_a-nano-svfprintf.o)
 .ARM.attributes
                0x000004da       0x2a /usr/lib/gcc/arm-none-eabi/13.2.1/../../../arm-none-eabi/lib/libc_nano.a(libc_a-fvwrite.o)
 .ARM.attributes
                0x00000504       0x2a /usr/lib/gcc/arm-none-eabi/13.2.1/../../../arm-none-eabi/lib/libc_nano.a(libc_a-closer.o)
 .ARM.attributes
                0x0000052e       0x2a /usr/lib/gcc/arm-none-eabi/13.2.1/../../../arm-none-eabi/lib/libc_nano.a(libc_a-memmove.o)
 .ARM.attributes
                0x00000558       0x2a /usr/lib/gcc/arm-none-eabi/13.2.1/../../../arm-none-eabi/lib/libc_nano.a(libc_a-readr.o)
 .ARM.attributes
                0x00000582       0x2a /usr/lib/gcc/arm-none-eabi/13.2.1/../../../arm-none-eabi/lib/libc_nano.a(libc_a-__atexit.o)
 .ARM.attributes
                0x000005ac       0x2a /usr/lib/gcc/arm-none-eabi/13.2.1/../../../arm-none-eabi/lib/libc_nano.a(libc_a-reent.o)
 .ARM.attributes
                0x000005d6       0x2a /usr/lib/gcc/arm-none-eabi/13.2.1/../../../arm-none-eabi/lib/libc_nano.a(libc_a-reallocr.o)
 .ARM.attributes
                0x00000600       0x2a /usr/lib/gcc/arm-none-eabi/13.2.1/../../../arm-none-eabi/lib/libc_nano.a(libc_a-nano-vfprintf_i.o)
 .ARM.attributes
                0x0000062a       0x2a /usr/lib/gcc/arm-none-eabi/13.2.1/../../../arm-none-eabi/lib/libc_nano.a(libc_a-fstatr.o)
 .ARM.attributes
                0x00000654       0x2a /usr/lib/gcc/arm-none-eabi/13.2.1/../../../arm-none-eabi/lib/libc_nano.a(libc_a-lseekr.o)
 .ARM.attributes
                0x0000067e       0x2a /usr/lib/gcc/arm-none-eabi/13.2.1/../../../arm-none-eabi/lib/libc_nano.a(libc_a-memchr-stub.o)
 .ARM.attributes
                0x000006a8       0x2a /usr/lib/gcc/arm-none-eabi/13.2.1/../../../arm-none-eabi/lib/libc_nano.a(libc_a-memcpy-stub.o)
 .ARM.attributes
                0x000006d2       0x2a /usr/lib/gcc/arm-none-eabi/13.2.1/../../../arm-none-eabi/lib/libc_nano.a(libc_a-writer.o)
 .ARM.attributes
                0x000006fc       0x2a /usr/lib/gcc/arm-none-eabi/13.2.1/../../../arm-none-eabi/lib/libc_nano.a(libc_a-msizer.o)
 .ARM.attributes
                0x00000726       0x2a /usr/lib/gcc/arm-none-eabi/13.2.1/../../../arm-none-eabi/lib/libc_nano.a(libc_a-__call_atexit.o)
 .ARM.attributes
                0x00000750       0x1c /usr/lib/gcc/arm-none-eabi/13.2.1/libgcc.a(_udivsi3.o)
 .ARM.attributes
                0x0000076c       0x1c /usr/lib/gcc/arm-none-eabi/13.2.1/libgcc.a(_divsi3.o)
 .ARM.attributes
                0x00000788       0x1c /usr/lib/gcc/arm-none-eabi/13.2.1/libgcc.a(_dvmd_tls.o)
 .ARM.attributes
                0x000007a4       0x2a /usr/lib/gcc/arm-none-eabi/13.2.1/crtend.o
 .ARM.attributes
                0x000007ce       0x1c /usr/lib/gcc/arm-none-eabi/13.2.1/crtn.o

.comment        0x00000000       0x26
 .comment       0x00000000       0x26 /usr/lib/gcc/arm-none-eabi/13.2.1/crtbegin.o
                                 0x27 (size before relaxing)
 .comment       0x00000026       0x27 main.o
 .comment       0x00000026       0x27 stm32_startup.o
 .comment       0x00000026       0x27 syscalls.o
 .comment       0x00000026       0x27 /usr/lib/gcc/arm-none-eabi/13.2.1/../../../arm-none-eabi/lib/libc_nano.a(libc_a-init.o)
 .comment       0x00000026       0x27 /usr/lib/gcc/arm-none-eabi/13.2.1/../../../arm-none-eabi/lib/libc_nano.a(libc_a-puts.o)
 .comment       0x00000026       0x27 /usr/lib/gcc/arm-none-eabi/13.2.1/../../../arm-none-eabi/lib/libc_nano.a(libc_a-findfp.o)
 .comment       0x00000026       0x27 /usr/lib/gcc/arm-none-eabi/13.2.1/../../../arm-none-eabi/lib/libc_nano.a(libc_a-memset.o)
 .comment       0x00000026       0x27 /usr/lib/gcc/arm-none-eabi/13.2.1/../../../arm-none-eabi/lib/libc_nano.a(libc_a-fflush.o)
 .comment       0x00000026       0x27 /usr/lib/gcc/arm-none-eabi/13.2.1/../../../arm-none-eabi/lib/libc_nano.a(libc_a-errno.o)
 .comment       0x00000026       0x27 /usr/lib/gcc/arm-none-eabi/13.2.1/../../../arm-none-eabi/lib/libc_nano.a(libc_a-mallocr.o)
 .comment       0x00000026       0x27 /usr/lib/gcc/arm-none-eabi/13.2.1/../../../arm-none-eabi/lib/libc_nano.a(libc_a-freer.o)
 .comment       0x00000026       0x27 /usr/lib/gcc/arm-none-eabi/13.2.1/../../../arm-none-eabi/lib/libc_nano.a(libc_a-fwalk.o)
 .comment       0x00000026       0x27 /usr/lib/gcc/arm-none-eabi/13.2.1/../../../arm-none-eabi/lib/libc_nano.a(libc_a-wsetup.o)
 .comment       0x00000026       0x27 /usr/lib/gcc/arm-none-eabi/13.2.1/../../../arm-none-eabi/lib/libc_nano.a(libc_a-mlock.o)
 .comment       0x00000026       0x27 /usr/lib/gcc/arm-none-eabi/13.2.1/../../../arm-none-eabi/lib/libc_nano.a(libc_a-makebuf.o)
 .comment       0x00000026       0x27 /usr/lib/gcc/arm-none-eabi/13.2.1/../../../arm-none-eabi/lib/libc_nano.a(libc_a-exit.o)
 .comment       0x00000026       0x27 /usr/lib/gcc/arm-none-eabi/13.2.1/../../../arm-none-eabi/lib/libc_nano.a(libc_a-atexit.o)
 .comment       0x00000026       0x27 /usr/lib/gcc/arm-none-eabi/13.2.1/../../../arm-none-eabi/lib/libc_nano.a(libc_a-snprintf.o)
 .comment       0x00000026       0x27 /usr/lib/gcc/arm-none-eabi/13.2.1/../../../arm-none-eabi/lib/libc_nano.a(libc_a-printf.o)
 .comment       0x00000026       0x27 /usr/lib/gcc/arm-none-eabi/13.2.1/../../../arm-none-eabi/lib/libc_nano.a(libc_a-isattyr.o)
 .comment       0x00000026       0x27 /usr/lib/gcc/arm-none-eabi/13.2.1/../../../arm-none-eabi/lib/libc_nano.a(libc_a-nano-vfprintf.o)
 .comment       0x00000026       0x27 /usr/lib/gcc/arm-none-eabi/13.2.1/../../../arm-none-eabi/lib/libc_nano.a(libc_a-fini.o)
 .comment       0x00000026       0x27 /usr/lib/gcc/arm-none-eabi/13.2.1/../../../arm-none-eabi/lib/libc_nano.a(libc_a-wbuf.o)
 .comment       0x00000026       0x27 /usr/lib/gcc/arm-none-eabi/13.2.1/../../../arm-none-eabi/lib/libc_nano.a(libc_a-sbrkr.o)
 .comment       0x00000026       0x27 /usr/lib/gcc/arm-none-eabi/13.2.1/../../../arm-none-eabi/lib/libc_nano.a(libc_a-stdio.o)
 .comment       0x00000026       0x27 /usr/lib/gcc/arm-none-eabi/13.2.1/../../../arm-none-eabi/lib/libc_nano.a(libc_a-impure.o)
 .comment       0x00000026       0x27 /usr/lib/gcc/arm-none-eabi/13.2.1/../../../arm-none-eabi/lib/libc_nano.a(libc_a-nano-svfprintf.o)
 .comment       0x00000026       0x27 /usr/lib/gcc/arm-none-eabi/13.2.1/../../../arm-none-eabi/lib/libc_nano.a(libc_a-fvwrite.o)
 .comment       0x00000026       0x27 /usr/lib/gcc/arm-none-eabi/13.2.1/../../../arm-none-eabi/lib/libc_nano.a(libc_a-closer.o)
 .comment       0x00000026       0x27 /usr/lib/gcc/arm-none-eabi/13.2.1/../../../arm-none-eabi/lib/libc_nano.a(libc_a-memmove.o)
 .comment       0x00000026       0x27 /usr/lib/gcc/arm-none-eabi/13.2.1/../../../arm-none-eabi/lib/libc_nano.a(libc_a-readr.o)
 .comment       0x00000026       0x27 /usr/lib/gcc/arm-none-eabi/13.2.1/../../../arm-none-eabi/lib/libc_nano.a(libc_a-__atexit.o)
 .comment       0x00000026       0x27 /usr/lib/gcc/arm-none-eabi/13.2.1/../../../arm-none-eabi/lib/libc_nano.a(libc_a-reent.o)
 .comment       0x00000026       0x27 /usr/lib/gcc/arm-none-eabi/13.2.1/../../../arm-none-eabi/lib/libc_nano.a(libc_a-reallocr.o)
 .comment       0x00000026       0x27 /usr/lib/gcc/arm-none-eabi/13.2.1/../../../arm-none-eabi/lib/libc_nano.a(libc_a-nano-vfprintf_i.o)
 .comment       0x00000026       0x27 /usr/lib/gcc/arm-none-eabi/13.2.1/../../../arm-none-eabi/lib/libc_nano.a(libc_a-fstatr.o)
 .comment       0x00000026       0x27 /usr/lib/gcc/arm-none-eabi/13.2.1/../../../arm-none-eabi/lib/libc_nano.a(libc_a-lseekr.o)
 .comment       0x00000026       0x27 /usr/lib/gcc/arm-none-eabi/13.2.1/../../../arm-none-eabi/lib/libc_nano.a(libc_a-memchr-stub.o)
 .comment       0x00000026       0x27 /usr/lib/gcc/arm-none-eabi/13.2.1/../../../arm-none-eabi/lib/libc_nano.a(libc_a-memcpy-stub.o)
 .comment       0x00000026       0x27 /usr/lib/gcc/arm-none-eabi/13.2.1/../../../arm-none-eabi/lib/libc_nano.a(libc_a-writer.o)
 .comment       0x00000026       0x27 /usr/lib/gcc/arm-none-eabi/13.2.1/../../../arm-none-eabi/lib/libc_nano.a(libc_a-msizer.o)
 .comment       0x00000026       0x27 /usr/lib/gcc/arm-none-eabi/13.2.1/../../../arm-none-eabi/lib/libc_nano.a(libc_a-__call_atexit.o)
 .comment       0x00000026       0x27 /usr/lib/gcc/arm-none-eabi/13.2.1/crtend.o

.debug_line     0x00000000     0x65f1
 .debug_line    0x00000000       0x9c /usr/lib/gcc/arm-none-eabi/13.2.1/../../../arm-none-eabi/lib/crt0.o
 .debug_line    0x0000009c      0x110 /usr/lib/gcc/arm-none-eabi/13.2.1/../../../arm-none-eabi/lib/libc_nano.a(libc_a-init.o)
 .debug_line    0x000001ac      0x2b2 /usr/lib/gcc/arm-none-eabi/13.2.1/../../../arm-none-eabi/lib/libc_nano.a(libc_a-puts.o)
 .debug_line    0x0000045e      0x572 /usr/lib/gcc/arm-none-eabi/13.2.1/../../../arm-none-eabi/lib/libc_nano.a(libc_a-findfp.o)
 .debug_line    0x000009d0      0x1b9 /usr/lib/gcc/arm-none-eabi/13.2.1/../../../arm-none-eabi/lib/libc_nano.a(libc_a-memset.o)
 .debug_line    0x00000b89      0x454 /usr/lib/gcc/arm-none-eabi/13.2.1/../../../arm-none-eabi/lib/libc_nano.a(libc_a-fflush.o)
 .debug_line    0x00000fdd      0x103 /usr/lib/gcc/arm-none-eabi/13.2.1/../../../arm-none-eabi/lib/libc_nano.a(libc_a-errno.o)
 .debug_line    0x000010e0      0x420 /usr/lib/gcc/arm-none-eabi/13.2.1/../../../arm-none-eabi/lib/libc_nano.a(libc_a-mallocr.o)
 .debug_line    0x00001500      0x274 /usr/lib/gcc/arm-none-eabi/13.2.1/../../../arm-none-eabi/lib/libc_nano.a(libc_a-freer.o)
 .debug_line    0x00001774      0x1c0 /usr/lib/gcc/arm-none-eabi/13.2.1/../../../arm-none-eabi/lib/libc_nano.a(libc_a-fwalk.o)
 .debug_line    0x00001934      0x2a4 /usr/lib/gcc/arm-none-eabi/13.2.1/../../../arm-none-eabi/lib/libc_nano.a(libc_a-wsetup.o)
 .debug_line    0x00001bd8      0x14a /usr/lib/gcc/arm-none-eabi/13.2.1/../../../arm-none-eabi/lib/libc_nano.a(libc_a-mlock.o)
 .debug_line    0x00001d22      0x3c0 /usr/lib/gcc/arm-none-eabi/13.2.1/../../../arm-none-eabi/lib/libc_nano.a(libc_a-makebuf.o)
 .debug_line    0x000020e2      0x122 /usr/lib/gcc/arm-none-eabi/13.2.1/../../../arm-none-eabi/lib/libc_nano.a(libc_a-exit.o)
 .debug_line    0x00002204       0xbf /usr/lib/gcc/arm-none-eabi/13.2.1/../../../arm-none-eabi/lib/libc_nano.a(libc_a-atexit.o)
 .debug_line    0x000022c3      0x321 /usr/lib/gcc/arm-none-eabi/13.2.1/../../../arm-none-eabi/lib/libc_nano.a(libc_a-snprintf.o)
 .debug_line    0x000025e4      0x1ae /usr/lib/gcc/arm-none-eabi/13.2.1/../../../arm-none-eabi/lib/libc_nano.a(libc_a-printf.o)
 .debug_line    0x00002792      0x18b /usr/lib/gcc/arm-none-eabi/13.2.1/../../../arm-none-eabi/lib/libc_nano.a(libc_a-isattyr.o)
 .debug_line    0x0000291d      0x663 /usr/lib/gcc/arm-none-eabi/13.2.1/../../../arm-none-eabi/lib/libc_nano.a(libc_a-nano-vfprintf.o)
 .debug_line    0x00002f80       0xc7 /usr/lib/gcc/arm-none-eabi/13.2.1/../../../arm-none-eabi/lib/libc_nano.a(libc_a-fini.o)
 .debug_line    0x00003047      0x254 /usr/lib/gcc/arm-none-eabi/13.2.1/../../../arm-none-eabi/lib/libc_nano.a(libc_a-wbuf.o)
 .debug_line    0x0000329b      0x18e /usr/lib/gcc/arm-none-eabi/13.2.1/../../../arm-none-eabi/lib/libc_nano.a(libc_a-sbrkr.o)
 .debug_line    0x00003429      0x220 /usr/lib/gcc/arm-none-eabi/13.2.1/../../../arm-none-eabi/lib/libc_nano.a(libc_a-stdio.o)
 .debug_line    0x00003649       0xde /usr/lib/gcc/arm-none-eabi/13.2.1/../../../arm-none-eabi/lib/libc_nano.a(libc_a-impure.o)
 .debug_line    0x00003727      0x828 /usr/lib/gcc/arm-none-eabi/13.2.1/../../../arm-none-eabi/lib/libc_nano.a(libc_a-nano-svfprintf.o)
 .debug_line    0x00003f4f      0x609 /usr/lib/gcc/arm-none-eabi/13.2.1/../../../arm-none-eabi/lib/libc_nano.a(libc_a-fvwrite.o)
 .debug_line    0x00004558      0x18a /usr/lib/gcc/arm-none-eabi/13.2.1/../../../arm-none-eabi/lib/libc_nano.a(libc_a-closer.o)
 .debug_line    0x000046e2      0x1fe /usr/lib/gcc/arm-none-eabi/13.2.1/../../../arm-none-eabi/lib/libc_nano.a(libc_a-memmove.o)
 .debug_line    0x000048e0      0x186 /usr/lib/gcc/arm-none-eabi/13.2.1/../../../arm-none-eabi/lib/libc_nano.a(libc_a-readr.o)
 .debug_line    0x00004a66      0x234 /usr/lib/gcc/arm-none-eabi/13.2.1/../../../arm-none-eabi/lib/libc_nano.a(libc_a-__atexit.o)
 .debug_line    0x00004c9a      0x275 /usr/lib/gcc/arm-none-eabi/13.2.1/../../../arm-none-eabi/lib/libc_nano.a(libc_a-reent.o)
 .debug_line    0x00004f0f      0x1f1 /usr/lib/gcc/arm-none-eabi/13.2.1/../../../arm-none-eabi/lib/libc_nano.a(libc_a-reallocr.o)
 .debug_line    0x00005100      0x753 /usr/lib/gcc/arm-none-eabi/13.2.1/../../../arm-none-eabi/lib/libc_nano.a(libc_a-nano-vfprintf_i.o)
 .debug_line    0x00005853      0x20c /usr/lib/gcc/arm-none-eabi/13.2.1/../../../arm-none-eabi/lib/libc_nano.a(libc_a-fstatr.o)
 .debug_line    0x00005a5f      0x187 /usr/lib/gcc/arm-none-eabi/13.2.1/../../../arm-none-eabi/lib/libc_nano.a(libc_a-lseekr.o)
 .debug_line    0x00005be6      0x1cf /usr/lib/gcc/arm-none-eabi/13.2.1/../../../arm-none-eabi/lib/libc_nano.a(libc_a-memchr-stub.o)
 .debug_line    0x00005db5      0x1ed /usr/lib/gcc/arm-none-eabi/13.2.1/../../../arm-none-eabi/lib/libc_nano.a(libc_a-memcpy-stub.o)
 .debug_line    0x00005fa2      0x187 /usr/lib/gcc/arm-none-eabi/13.2.1/../../../arm-none-eabi/lib/libc_nano.a(libc_a-writer.o)
 .debug_line    0x00006129      0x16f /usr/lib/gcc/arm-none-eabi/13.2.1/../../../arm-none-eabi/lib/libc_nano.a(libc_a-msizer.o)
 .debug_line    0x00006298      0x235 /usr/lib/gcc/arm-none-eabi/13.2.1/../../../arm-none-eabi/lib/libc_nano.a(libc_a-__call_atexit.o)
 .debug_line    0x000064cd       0x67 /usr/lib/gcc/arm-none-eabi/13.2.1/libgcc.a(_udivsi3.o)
 .debug_line    0x00006534       0x73 /usr/lib/gcc/arm-none-eabi/13.2.1/libgcc.a(_divsi3.o)
 .debug_line    0x000065a7       0x4a /usr/lib/gcc/arm-none-eabi/13.2.1/libgcc.a(_dvmd_tls.o)

.debug_line_str
                0x00000000       0xe3
 .debug_line_str
                0x00000000       0xe3 /usr/lib/gcc/arm-none-eabi/13.2.1/../../../arm-none-eabi/lib/crt0.o
                                 0x65 (size before relaxing)
 .debug_line_str
                0x000000e3       0x7e /usr/lib/gcc/arm-none-eabi/13.2.1/libgcc.a(_udivsi3.o)
 .debug_line_str
                0x000000e3       0x7e /usr/lib/gcc/arm-none-eabi/13.2.1/libgcc.a(_divsi3.o)
 .debug_line_str
                0x000000e3       0x7e /usr/lib/gcc/arm-none-eabi/13.2.1/libgcc.a(_dvmd_tls.o)

.debug_info     0x00000000    0x12116
 .debug_info    0x00000000       0x25 /usr/lib/gcc/arm-none-eabi/13.2.1/../../../arm-none-eabi/lib/crt0.o
 .debug_info    0x00000025      0x10b /usr/lib/gcc/arm-none-eabi/13.2.1/../../../arm-none-eabi/lib/libc_nano.a(libc_a-init.o)
 .debug_info    0x00000130      0x905 /usr/lib/gcc/arm-none-eabi/13.2.1/../../../arm-none-eabi/lib/libc_nano.a(libc_a-puts.o)
 .debug_info    0x00000a35      0xe8b /usr/lib/gcc/arm-none-eabi/13.2.1/../../../arm-none-eabi/lib/libc_nano.a(libc_a-findfp.o)
 .debug_info    0x000018c0      0x135 /usr/lib/gcc/arm-none-eabi/13.2.1/../../../arm-none-eabi/lib/libc_nano.a(libc_a-memset.o)
 .debug_info    0x000019f5      0xa2c /usr/lib/gcc/arm-none-eabi/13.2.1/../../../arm-none-eabi/lib/libc_nano.a(libc_a-fflush.o)
 .debug_info    0x00002421      0x6f1 /usr/lib/gcc/arm-none-eabi/13.2.1/../../../arm-none-eabi/lib/libc_nano.a(libc_a-errno.o)
 .debug_info    0x00002b12      0x9b6 /usr/lib/gcc/arm-none-eabi/13.2.1/../../../arm-none-eabi/lib/libc_nano.a(libc_a-mallocr.o)
 .debug_info    0x000034c8      0x86a /usr/lib/gcc/arm-none-eabi/13.2.1/../../../arm-none-eabi/lib/libc_nano.a(libc_a-freer.o)
 .debug_info    0x00003d32      0x7c8 /usr/lib/gcc/arm-none-eabi/13.2.1/../../../arm-none-eabi/lib/libc_nano.a(libc_a-fwalk.o)
 .debug_info    0x000044fa      0x7b1 /usr/lib/gcc/arm-none-eabi/13.2.1/../../../arm-none-eabi/lib/libc_nano.a(libc_a-wsetup.o)
 .debug_info    0x00004cab      0x71c /usr/lib/gcc/arm-none-eabi/13.2.1/../../../arm-none-eabi/lib/libc_nano.a(libc_a-mlock.o)
 .debug_info    0x000053c7      0xbe0 /usr/lib/gcc/arm-none-eabi/13.2.1/../../../arm-none-eabi/lib/libc_nano.a(libc_a-makebuf.o)
 .debug_info    0x00005fa7      0x11b /usr/lib/gcc/arm-none-eabi/13.2.1/../../../arm-none-eabi/lib/libc_nano.a(libc_a-exit.o)
 .debug_info    0x000060c2      0x11e /usr/lib/gcc/arm-none-eabi/13.2.1/../../../arm-none-eabi/lib/libc_nano.a(libc_a-atexit.o)
 .debug_info    0x000061e0      0x911 /usr/lib/gcc/arm-none-eabi/13.2.1/../../../arm-none-eabi/lib/libc_nano.a(libc_a-snprintf.o)
 .debug_info    0x00006af1      0x837 /usr/lib/gcc/arm-none-eabi/13.2.1/../../../arm-none-eabi/lib/libc_nano.a(libc_a-printf.o)
 .debug_info    0x00007328      0x752 /usr/lib/gcc/arm-none-eabi/13.2.1/../../../arm-none-eabi/lib/libc_nano.a(libc_a-isattyr.o)
 .debug_info    0x00007a7a     0x109b /usr/lib/gcc/arm-none-eabi/13.2.1/../../../arm-none-eabi/lib/libc_nano.a(libc_a-nano-vfprintf.o)
 .debug_info    0x00008b15       0xf7 /usr/lib/gcc/arm-none-eabi/13.2.1/../../../arm-none-eabi/lib/libc_nano.a(libc_a-fini.o)
 .debug_info    0x00008c0c      0x863 /usr/lib/gcc/arm-none-eabi/13.2.1/../../../arm-none-eabi/lib/libc_nano.a(libc_a-wbuf.o)
 .debug_info    0x0000946f      0x778 /usr/lib/gcc/arm-none-eabi/13.2.1/../../../arm-none-eabi/lib/libc_nano.a(libc_a-sbrkr.o)
 .debug_info    0x00009be7      0xa72 /usr/lib/gcc/arm-none-eabi/13.2.1/../../../arm-none-eabi/lib/libc_nano.a(libc_a-stdio.o)
 .debug_info    0x0000a659      0x70b /usr/lib/gcc/arm-none-eabi/13.2.1/../../../arm-none-eabi/lib/libc_nano.a(libc_a-impure.o)
 .debug_info    0x0000ad64     0x10af /usr/lib/gcc/arm-none-eabi/13.2.1/../../../arm-none-eabi/lib/libc_nano.a(libc_a-nano-svfprintf.o)
 .debug_info    0x0000be13      0xb19 /usr/lib/gcc/arm-none-eabi/13.2.1/../../../arm-none-eabi/lib/libc_nano.a(libc_a-fvwrite.o)
 .debug_info    0x0000c92c      0x752 /usr/lib/gcc/arm-none-eabi/13.2.1/../../../arm-none-eabi/lib/libc_nano.a(libc_a-closer.o)
 .debug_info    0x0000d07e      0x148 /usr/lib/gcc/arm-none-eabi/13.2.1/../../../arm-none-eabi/lib/libc_nano.a(libc_a-memmove.o)
 .debug_info    0x0000d1c6      0x7b5 /usr/lib/gcc/arm-none-eabi/13.2.1/../../../arm-none-eabi/lib/libc_nano.a(libc_a-readr.o)
 .debug_info    0x0000d97b      0x284 /usr/lib/gcc/arm-none-eabi/13.2.1/../../../arm-none-eabi/lib/libc_nano.a(libc_a-__atexit.o)
 .debug_info    0x0000dbff      0x89f /usr/lib/gcc/arm-none-eabi/13.2.1/../../../arm-none-eabi/lib/libc_nano.a(libc_a-reent.o)
 .debug_info    0x0000e49e      0x8ac /usr/lib/gcc/arm-none-eabi/13.2.1/../../../arm-none-eabi/lib/libc_nano.a(libc_a-reallocr.o)
 .debug_info    0x0000ed4a      0xde9 /usr/lib/gcc/arm-none-eabi/13.2.1/../../../arm-none-eabi/lib/libc_nano.a(libc_a-nano-vfprintf_i.o)
 .debug_info    0x0000fb33      0x977 /usr/lib/gcc/arm-none-eabi/13.2.1/../../../arm-none-eabi/lib/libc_nano.a(libc_a-fstatr.o)
 .debug_info    0x000104aa      0x79e /usr/lib/gcc/arm-none-eabi/13.2.1/../../../arm-none-eabi/lib/libc_nano.a(libc_a-lseekr.o)
 .debug_info    0x00010c48      0x14a /usr/lib/gcc/arm-none-eabi/13.2.1/../../../arm-none-eabi/lib/libc_nano.a(libc_a-memchr-stub.o)
 .debug_info    0x00010d92      0x152 /usr/lib/gcc/arm-none-eabi/13.2.1/../../../arm-none-eabi/lib/libc_nano.a(libc_a-memcpy-stub.o)
 .debug_info    0x00010ee4      0x7bb /usr/lib/gcc/arm-none-eabi/13.2.1/../../../arm-none-eabi/lib/libc_nano.a(libc_a-writer.o)
 .debug_info    0x0001169f      0x78a /usr/lib/gcc/arm-none-eabi/13.2.1/../../../arm-none-eabi/lib/libc_nano.a(libc_a-msizer.o)
 .debug_info    0x00011e29      0x235 /usr/lib/gcc/arm-none-eabi/13.2.1/../../../arm-none-eabi/lib/libc_nano.a(libc_a-__call_atexit.o)
 .debug_info    0x0001205e       0x3e /usr/lib/gcc/arm-none-eabi/13.2.1/libgcc.a(_udivsi3.o)
 .debug_info    0x0001209c       0x3e /usr/lib/gcc/arm-none-eabi/13.2.1/libgcc.a(_divsi3.o)
 .debug_info    0x000120da       0x3c /usr/lib/gcc/arm-none-eabi/13.2.1/libgcc.a(_dvmd_tls.o)

.debug_abbrev   0x00000000     0x47f5
 .debug_abbrev  0x00000000       0x14 /usr/lib/gcc/arm-none-eabi/13.2.1/../../../arm-none-eabi/lib/crt0.o
 .debug_abbrev  0x00000014       0xc9 /usr/lib/gcc/arm-none-eabi/13.2.1/../../../arm-none-eabi/lib/libc_nano.a(libc_a-init.o)
 .debug_abbrev  0x000000dd      0x29c /usr/lib/gcc/arm-none-eabi/13.2.1/../../../arm-none-eabi/lib/libc_nano.a(libc_a-puts.o)
 .debug_abbrev  0x00000379      0x3fc /usr/lib/gcc/arm-none-eabi/13.2.1/../../../arm-none-eabi/lib/libc_nano.a(libc_a-findfp.o)
 .debug_abbrev  0x00000775       0xb7 /usr/lib/gcc/arm-none-eabi/13.2.1/../../../arm-none-eabi/lib/libc_nano.a(libc_a-memset.o)
 .debug_abbrev  0x0000082c      0x2fb /usr/lib/gcc/arm-none-eabi/13.2.1/../../../arm-none-eabi/lib/libc_nano.a(libc_a-fflush.o)
 .debug_abbrev  0x00000b27      0x15e /usr/lib/gcc/arm-none-eabi/13.2.1/../../../arm-none-eabi/lib/libc_nano.a(libc_a-errno.o)
 .debug_abbrev  0x00000c85      0x24a /usr/lib/gcc/arm-none-eabi/13.2.1/../../../arm-none-eabi/lib/libc_nano.a(libc_a-mallocr.o)
 .debug_abbrev  0x00000ecf      0x238 /usr/lib/gcc/arm-none-eabi/13.2.1/../../../arm-none-eabi/lib/libc_nano.a(libc_a-freer.o)
 .debug_abbrev  0x00001107      0x19b /usr/lib/gcc/arm-none-eabi/13.2.1/../../../arm-none-eabi/lib/libc_nano.a(libc_a-fwalk.o)
 .debug_abbrev  0x000012a2      0x1e2 /usr/lib/gcc/arm-none-eabi/13.2.1/../../../arm-none-eabi/lib/libc_nano.a(libc_a-wsetup.o)
 .debug_abbrev  0x00001484      0x192 /usr/lib/gcc/arm-none-eabi/13.2.1/../../../arm-none-eabi/lib/libc_nano.a(libc_a-mlock.o)
 .debug_abbrev  0x00001616      0x29d /usr/lib/gcc/arm-none-eabi/13.2.1/../../../arm-none-eabi/lib/libc_nano.a(libc_a-makebuf.o)
 .debug_abbrev  0x000018b3       0xd8 /usr/lib/gcc/arm-none-eabi/13.2.1/../../../arm-none-eabi/lib/libc_nano.a(libc_a-exit.o)
 .debug_abbrev  0x0000198b       0xbe /usr/lib/gcc/arm-none-eabi/13.2.1/../../../arm-none-eabi/lib/libc_nano.a(libc_a-atexit.o)
 .debug_abbrev  0x00001a49      0x23c /usr/lib/gcc/arm-none-eabi/13.2.1/../../../arm-none-eabi/lib/libc_nano.a(libc_a-snprintf.o)
 .debug_abbrev  0x00001c85      0x21a /usr/lib/gcc/arm-none-eabi/13.2.1/../../../arm-none-eabi/lib/libc_nano.a(libc_a-printf.o)
 .debug_abbrev  0x00001e9f      0x1b0 /usr/lib/gcc/arm-none-eabi/13.2.1/../../../arm-none-eabi/lib/libc_nano.a(libc_a-isattyr.o)
 .debug_abbrev  0x0000204f      0x361 /usr/lib/gcc/arm-none-eabi/13.2.1/../../../arm-none-eabi/lib/libc_nano.a(libc_a-nano-vfprintf.o)
 .debug_abbrev  0x000023b0       0xc9 /usr/lib/gcc/arm-none-eabi/13.2.1/../../../arm-none-eabi/lib/libc_nano.a(libc_a-fini.o)
 .debug_abbrev  0x00002479      0x236 /usr/lib/gcc/arm-none-eabi/13.2.1/../../../arm-none-eabi/lib/libc_nano.a(libc_a-wbuf.o)
 .debug_abbrev  0x000026af      0x1da /usr/lib/gcc/arm-none-eabi/13.2.1/../../../arm-none-eabi/lib/libc_nano.a(libc_a-sbrkr.o)
 .debug_abbrev  0x00002889      0x206 /usr/lib/gcc/arm-none-eabi/13.2.1/../../../arm-none-eabi/lib/libc_nano.a(libc_a-stdio.o)
 .debug_abbrev  0x00002a8f      0x149 /usr/lib/gcc/arm-none-eabi/13.2.1/../../../arm-none-eabi/lib/libc_nano.a(libc_a-impure.o)
 .debug_abbrev  0x00002bd8      0x30f /usr/lib/gcc/arm-none-eabi/13.2.1/../../../arm-none-eabi/lib/libc_nano.a(libc_a-nano-svfprintf.o)
 .debug_abbrev  0x00002ee7      0x23a /usr/lib/gcc/arm-none-eabi/13.2.1/../../../arm-none-eabi/lib/libc_nano.a(libc_a-fvwrite.o)
 .debug_abbrev  0x00003121      0x1b0 /usr/lib/gcc/arm-none-eabi/13.2.1/../../../arm-none-eabi/lib/libc_nano.a(libc_a-closer.o)
 .debug_abbrev  0x000032d1       0xc3 /usr/lib/gcc/arm-none-eabi/13.2.1/../../../arm-none-eabi/lib/libc_nano.a(libc_a-memmove.o)
 .debug_abbrev  0x00003394      0x1b0 /usr/lib/gcc/arm-none-eabi/13.2.1/../../../arm-none-eabi/lib/libc_nano.a(libc_a-readr.o)
 .debug_abbrev  0x00003544      0x1d4 /usr/lib/gcc/arm-none-eabi/13.2.1/../../../arm-none-eabi/lib/libc_nano.a(libc_a-__atexit.o)
 .debug_abbrev  0x00003718      0x1ee /usr/lib/gcc/arm-none-eabi/13.2.1/../../../arm-none-eabi/lib/libc_nano.a(libc_a-reent.o)
 .debug_abbrev  0x00003906      0x209 /usr/lib/gcc/arm-none-eabi/13.2.1/../../../arm-none-eabi/lib/libc_nano.a(libc_a-reallocr.o)
 .debug_abbrev  0x00003b0f      0x294 /usr/lib/gcc/arm-none-eabi/13.2.1/../../../arm-none-eabi/lib/libc_nano.a(libc_a-nano-vfprintf_i.o)
 .debug_abbrev  0x00003da3      0x1c3 /usr/lib/gcc/arm-none-eabi/13.2.1/../../../arm-none-eabi/lib/libc_nano.a(libc_a-fstatr.o)
 .debug_abbrev  0x00003f66      0x1c4 /usr/lib/gcc/arm-none-eabi/13.2.1/../../../arm-none-eabi/lib/libc_nano.a(libc_a-lseekr.o)
 .debug_abbrev  0x0000412a       0xc7 /usr/lib/gcc/arm-none-eabi/13.2.1/../../../arm-none-eabi/lib/libc_nano.a(libc_a-memchr-stub.o)
 .debug_abbrev  0x000041f1       0xca /usr/lib/gcc/arm-none-eabi/13.2.1/../../../arm-none-eabi/lib/libc_nano.a(libc_a-memcpy-stub.o)
 .debug_abbrev  0x000042bb      0x1b5 /usr/lib/gcc/arm-none-eabi/13.2.1/../../../arm-none-eabi/lib/libc_nano.a(libc_a-writer.o)
 .debug_abbrev  0x00004470      0x196 /usr/lib/gcc/arm-none-eabi/13.2.1/../../../arm-none-eabi/lib/libc_nano.a(libc_a-msizer.o)
 .debug_abbrev  0x00004606      0x179 /usr/lib/gcc/arm-none-eabi/13.2.1/../../../arm-none-eabi/lib/libc_nano.a(libc_a-__call_atexit.o)
 .debug_abbrev  0x0000477f       0x28 /usr/lib/gcc/arm-none-eabi/13.2.1/libgcc.a(_udivsi3.o)
 .debug_abbrev  0x000047a7       0x28 /usr/lib/gcc/arm-none-eabi/13.2.1/libgcc.a(_divsi3.o)
 .debug_abbrev  0x000047cf       0x26 /usr/lib/gcc/arm-none-eabi/13.2.1/libgcc.a(_dvmd_tls.o)

.debug_aranges  0x00000000      0x558
 .debug_aranges
                0x00000000       0x20 /usr/lib/gcc/arm-none-eabi/13.2.1/../../../arm-none-eabi/lib/crt0.o
 .debug_aranges
                0x00000020       0x20 /usr/lib/gcc/arm-none-eabi/13.2.1/../../../arm-none-eabi/lib/libc_nano.a(libc_a-init.o)
 .debug_aranges
                0x00000040       0x20 /usr/lib/gcc/arm-none-eabi/13.2.1/../../../arm-none-eabi/lib/libc_nano.a(libc_a-puts.o)
 .debug_aranges
                0x00000060       0x20 /usr/lib/gcc/arm-none-eabi/13.2.1/../../../arm-none-eabi/lib/libc_nano.a(libc_a-findfp.o)
 .debug_aranges
                0x00000080       0x20 /usr/lib/gcc/arm-none-eabi/13.2.1/../../../arm-none-eabi/lib/libc_nano.a(libc_a-memset.o)
 .debug_aranges
                0x000000a0       0x20 /usr/lib/gcc/arm-none-eabi/13.2.1/../../../arm-none-eabi/lib/libc_nano.a(libc_a-fflush.o)
 .debug_aranges
                0x000000c0       0x20 /usr/lib/gcc/arm-none-eabi/13.2.1/../../../arm-none-eabi/lib/libc_nano.a(libc_a-errno.o)
 .debug_aranges
                0x000000e0       0x20 /usr/lib/gcc/arm-none-eabi/13.2.1/../../../arm-none-eabi/lib/libc_nano.a(libc_a-mallocr.o)
 .debug_aranges
                0x00000100       0x20 /usr/lib/gcc/arm-none-eabi/13.2.1/../../../arm-none-eabi/lib/libc_nano.a(libc_a-freer.o)
 .debug_aranges
                0x00000120       0x20 /usr/lib/gcc/arm-none-eabi/13.2.1/../../../arm-none-eabi/lib/libc_nano.a(libc_a-fwalk.o)
 .debug_aranges
                0x00000140       0x20 /usr/lib/gcc/arm-none-eabi/13.2.1/../../../arm-none-eabi/lib/libc_nano.a(libc_a-wsetup.o)
 .debug_aranges
                0x00000160       0x20 /usr/lib/gcc/arm-none-eabi/13.2.1/../../../arm-none-eabi/lib/libc_nano.a(libc_a-mlock.o)
 .debug_aranges
                0x00000180       0x20 /usr/lib/gcc/arm-none-eabi/13.2.1/../../../arm-none-eabi/lib/libc_nano.a(libc_a-makebuf.o)
 .debug_aranges
                0x000001a0       0x20 /usr/lib/gcc/arm-none-eabi/13.2.1/../../../arm-none-eabi/lib/libc_nano.a(libc_a-exit.o)
 .debug_aranges
                0x000001c0       0x20 /usr/lib/gcc/arm-none-eabi/13.2.1/../../../arm-none-eabi/lib/libc_nano.a(libc_a-atexit.o)
 .debug_aranges
                0x000001e0       0x20 /usr/lib/gcc/arm-none-eabi/13.2.1/../../../arm-none-eabi/lib/libc_nano.a(libc_a-snprintf.o)
 .debug_aranges
                0x00000200       0x20 /usr/lib/gcc/arm-none-eabi/13.2.1/../../../arm-none-eabi/lib/libc_nano.a(libc_a-printf.o)
 .debug_aranges
                0x00000220       0x20 /usr/lib/gcc/arm-none-eabi/13.2.1/../../../arm-none-eabi/lib/libc_nano.a(libc_a-isattyr.o)
 .debug_aranges
                0x00000240       0x20 /usr/lib/gcc/arm-none-eabi/13.2.1/../../../arm-none-eabi/lib/libc_nano.a(libc_a-nano-vfprintf.o)
 .debug_aranges
                0x00000260       0x20 /usr/lib/gcc/arm-none-eabi/13.2.1/../../../arm-none-eabi/lib/libc_nano.a(libc_a-fini.o)
 .debug_aranges
                0x00000280       0x20 /usr/lib/gcc/arm-none-eabi/13.2.1/../../../arm-none-eabi/lib/libc_nano.a(libc_a-wbuf.o)
 .debug_aranges
                0x000002a0       0x20 /usr/lib/gcc/arm-none-eabi/13.2.1/../../../arm-none-eabi/lib/libc_nano.a(libc_a-sbrkr.o)
 .debug_aranges
                0x000002c0       0x20 /usr/lib/gcc/arm-none-eabi/13.2.1/../../../arm-none-eabi/lib/libc_nano.a(libc_a-stdio.o)
 .debug_aranges
                0x000002e0       0x18 /usr/lib/gcc/arm-none-eabi/13.2.1/../../../arm-none-eabi/lib/libc_nano.a(libc_a-impure.o)
 .debug_aranges
                0x000002f8       0x20 /usr/lib/gcc/arm-none-eabi/13.2.1/../../../arm-none-eabi/lib/libc_nano.a(libc_a-nano-svfprintf.o)
 .debug_aranges
                0x00000318       0x20 /usr/lib/gcc/arm-none-eabi/13.2.1/../../../arm-none-eabi/lib/libc_nano.a(libc_a-fvwrite.o)
 .debug_aranges
                0x00000338       0x20 /usr/lib/gcc/arm-none-eabi/13.2.1/../../../arm-none-eabi/lib/libc_nano.a(libc_a-closer.o)
 .debug_aranges
                0x00000358       0x20 /usr/lib/gcc/arm-none-eabi/13.2.1/../../../arm-none-eabi/lib/libc_nano.a(libc_a-memmove.o)
 .debug_aranges
                0x00000378       0x20 /usr/lib/gcc/arm-none-eabi/13.2.1/../../../arm-none-eabi/lib/libc_nano.a(libc_a-readr.o)
 .debug_aranges
                0x00000398       0x20 /usr/lib/gcc/arm-none-eabi/13.2.1/../../../arm-none-eabi/lib/libc_nano.a(libc_a-__atexit.o)
 .debug_aranges
                0x000003b8       0x20 /usr/lib/gcc/arm-none-eabi/13.2.1/../../../arm-none-eabi/lib/libc_nano.a(libc_a-reent.o)
 .debug_aranges
                0x000003d8       0x20 /usr/lib/gcc/arm-none-eabi/13.2.1/../../../arm-none-eabi/lib/libc_nano.a(libc_a-reallocr.o)
 .debug_aranges
                0x000003f8       0x20 /usr/lib/gcc/arm-none-eabi/13.2.1/../../../arm-none-eabi/lib/libc_nano.a(libc_a-nano-vfprintf_i.o)
 .debug_aranges
                0x00000418       0x20 /usr/lib/gcc/arm-none-eabi/13.2.1/../../../arm-none-eabi/lib/libc_nano.a(libc_a-fstatr.o)
 .debug_aranges
                0x00000438       0x20 /usr/lib/gcc/arm-none-eabi/13.2.1/../../../arm-none-eabi/lib/libc_nano.a(libc_a-lseekr.o)
 .debug_aranges
                0x00000458       0x20 /usr/lib/gcc/arm-none-eabi/13.2.1/../../../arm-none-eabi/lib/libc_nano.a(libc_a-memchr-stub.o)
 .debug_aranges
                0x00000478       0x20 /usr/lib/gcc/arm-none-eabi/13.2.1/../../../arm-none-eabi/lib/libc_nano.a(libc_a-memcpy-stub.o)
 .debug_aranges
                0x00000498       0x20 /usr/lib/gcc/arm-none-eabi/13.2.1/../../../arm-none-eabi/lib/libc_nano.a(libc_a-writer.o)
 .debug_aranges
                0x000004b8       0x20 /usr/lib/gcc/arm-none-eabi/13.2.1/../../../arm-none-eabi/lib/libc_nano.a(libc_a-msizer.o)
 .debug_aranges
                0x000004d8       0x20 /usr/lib/gcc/arm-none-eabi/13.2.1/../../../arm-none-eabi/lib/libc_nano.a(libc_a-__call_atexit.o)
 .debug_aranges
                0x000004f8       0x20 /usr/lib/gcc/arm-none-eabi/13.2.1/libgcc.a(_udivsi3.o)
 .debug_aranges
                0x00000518       0x20 /usr/lib/gcc/arm-none-eabi/13.2.1/libgcc.a(_divsi3.o)
 .debug_aranges
                0x00000538       0x20 /usr/lib/gcc/arm-none-eabi/13.2.1/libgcc.a(_dvmd_tls.o)

.debug_str      0x00000000     0x1569
 .debug_str     0x00000000     0x1569 /usr/lib/gcc/arm-none-eabi/13.2.1/../../../arm-none-eabi/lib/crt0.o
                                 0x71 (size before relaxing)
 .debug_str     0x00001569      0x1d4 /usr/lib/gcc/arm-none-eabi/13.2.1/../../../arm-none-eabi/lib/libc_nano.a(libc_a-init.o)
 .debug_str     0x00001569      0x4dd /usr/lib/gcc/arm-none-eabi/13.2.1/../../../arm-none-eabi/lib/libc_nano.a(libc_a-puts.o)
 .debug_str     0x00001569      0x699 /usr/lib/gcc/arm-none-eabi/13.2.1/../../../arm-none-eabi/lib/libc_nano.a(libc_a-findfp.o)
 .debug_str     0x00001569      0x187 /usr/lib/gcc/arm-none-eabi/13.2.1/../../../arm-none-eabi/lib/libc_nano.a(libc_a-memset.o)
 .debug_str     0x00001569      0x51d /usr/lib/gcc/arm-none-eabi/13.2.1/../../../arm-none-eabi/lib/libc_nano.a(libc_a-fflush.o)
 .debug_str     0x00001569      0x490 /usr/lib/gcc/arm-none-eabi/13.2.1/../../../arm-none-eabi/lib/libc_nano.a(libc_a-errno.o)
 .debug_str     0x00001569      0x577 /usr/lib/gcc/arm-none-eabi/13.2.1/../../../arm-none-eabi/lib/libc_nano.a(libc_a-mallocr.o)
 .debug_str     0x00001569      0x516 /usr/lib/gcc/arm-none-eabi/13.2.1/../../../arm-none-eabi/lib/libc_nano.a(libc_a-freer.o)
 .debug_str     0x00001569      0x4a6 /usr/lib/gcc/arm-none-eabi/13.2.1/../../../arm-none-eabi/lib/libc_nano.a(libc_a-fwalk.o)
 .debug_str     0x00001569      0x4c7 /usr/lib/gcc/arm-none-eabi/13.2.1/../../../arm-none-eabi/lib/libc_nano.a(libc_a-wsetup.o)
 .debug_str     0x00001569      0x4b4 /usr/lib/gcc/arm-none-eabi/13.2.1/../../../arm-none-eabi/lib/libc_nano.a(libc_a-mlock.o)
 .debug_str     0x00001569      0x629 /usr/lib/gcc/arm-none-eabi/13.2.1/../../../arm-none-eabi/lib/libc_nano.a(libc_a-makebuf.o)
 .debug_str     0x00001569      0x199 /usr/lib/gcc/arm-none-eabi/13.2.1/../../../arm-none-eabi/lib/libc_nano.a(libc_a-exit.o)
 .debug_str     0x00001569      0x1b0 /usr/lib/gcc/arm-none-eabi/13.2.1/../../../arm-none-eabi/lib/libc_nano.a(libc_a-atexit.o)
 .debug_str     0x00001569      0x4e4 /usr/lib/gcc/arm-none-eabi/13.2.1/../../../arm-none-eabi/lib/libc_nano.a(libc_a-snprintf.o)
 .debug_str     0x00001569      0x4d1 /usr/lib/gcc/arm-none-eabi/13.2.1/../../../arm-none-eabi/lib/libc_nano.a(libc_a-printf.o)
 .debug_str     0x00001569      0x496 /usr/lib/gcc/arm-none-eabi/13.2.1/../../../arm-none-eabi/lib/libc_nano.a(libc_a-isattyr.o)
 .debug_str     0x00001569      0x803 /usr/lib/gcc/arm-none-eabi/13.2.1/../../../arm-none-eabi/lib/libc_nano.a(libc_a-nano-vfprintf.o)
 .debug_str     0x00001569      0x1aa /usr/lib/gcc/arm-none-eabi/13.2.1/../../../arm-none-eabi/lib/libc_nano.a(libc_a-fini.o)
 .debug_str     0x00001569      0x4cc /usr/lib/gcc/arm-none-eabi/13.2.1/../../../arm-none-eabi/lib/libc_nano.a(libc_a-wbuf.o)
 .debug_str     0x00001569      0x49f /usr/lib/gcc/arm-none-eabi/13.2.1/../../../arm-none-eabi/lib/libc_nano.a(libc_a-sbrkr.o)
 .debug_str     0x00001569      0x503 /usr/lib/gcc/arm-none-eabi/13.2.1/../../../arm-none-eabi/lib/libc_nano.a(libc_a-stdio.o)
 .debug_str     0x00001569      0x496 /usr/lib/gcc/arm-none-eabi/13.2.1/../../../arm-none-eabi/lib/libc_nano.a(libc_a-impure.o)
 .debug_str     0x00001569      0x7df /usr/lib/gcc/arm-none-eabi/13.2.1/../../../arm-none-eabi/lib/libc_nano.a(libc_a-nano-svfprintf.o)
 .debug_str     0x00001569      0x54a /usr/lib/gcc/arm-none-eabi/13.2.1/../../../arm-none-eabi/lib/libc_nano.a(libc_a-fvwrite.o)
 .debug_str     0x00001569      0x48c /usr/lib/gcc/arm-none-eabi/13.2.1/../../../arm-none-eabi/lib/libc_nano.a(libc_a-closer.o)
 .debug_str     0x00001569      0x1a6 /usr/lib/gcc/arm-none-eabi/13.2.1/../../../arm-none-eabi/lib/libc_nano.a(libc_a-memmove.o)
 .debug_str     0x00001569      0x49a /usr/lib/gcc/arm-none-eabi/13.2.1/../../../arm-none-eabi/lib/libc_nano.a(libc_a-readr.o)
 .debug_str     0x00001569      0x26a /usr/lib/gcc/arm-none-eabi/13.2.1/../../../arm-none-eabi/lib/libc_nano.a(libc_a-__atexit.o)
 .debug_str     0x00001569      0x4b5 /usr/lib/gcc/arm-none-eabi/13.2.1/../../../arm-none-eabi/lib/libc_nano.a(libc_a-reent.o)
 .debug_str     0x00001569      0x50c /usr/lib/gcc/arm-none-eabi/13.2.1/../../../arm-none-eabi/lib/libc_nano.a(libc_a-reallocr.o)
 .debug_str     0x00001569      0x786 /usr/lib/gcc/arm-none-eabi/13.2.1/../../../arm-none-eabi/lib/libc_nano.a(libc_a-nano-vfprintf_i.o)
 .debug_str     0x00001569      0x5de /usr/lib/gcc/arm-none-eabi/13.2.1/../../../arm-none-eabi/lib/libc_nano.a(libc_a-fstatr.o)
 .debug_str     0x00001569      0x49a /usr/lib/gcc/arm-none-eabi/13.2.1/../../../arm-none-eabi/lib/libc_nano.a(libc_a-lseekr.o)
 .debug_str     0x00001569      0x197 /usr/lib/gcc/arm-none-eabi/13.2.1/../../../arm-none-eabi/lib/libc_nano.a(libc_a-memchr-stub.o)
 .debug_str     0x00001569      0x1a4 /usr/lib/gcc/arm-none-eabi/13.2.1/../../../arm-none-eabi/lib/libc_nano.a(libc_a-memcpy-stub.o)
 .debug_str     0x00001569      0x49c /usr/lib/gcc/arm-none-eabi/13.2.1/../../../arm-none-eabi/lib/libc_nano.a(libc_a-writer.o)
 .debug_str     0x00001569      0x4df /usr/lib/gcc/arm-none-eabi/13.2.1/../../../arm-none-eabi/lib/libc_nano.a(libc_a-msizer.o)
 .debug_str     0x00001569      0x21c /usr/lib/gcc/arm-none-eabi/13.2.1/../../../arm-none-eabi/lib/libc_nano.a(libc_a-__call_atexit.o)
 .debug_str     0x00001569       0xa5 /usr/lib/gcc/arm-none-eabi/13.2.1/libgcc.a(_udivsi3.o)
 .debug_str     0x00001569       0xa3 /usr/lib/gcc/arm-none-eabi/13.2.1/libgcc.a(_divsi3.o)
 .debug_str     0x00001569       0xa6 /usr/lib/gcc/arm-none-eabi/13.2.1/libgcc.a(_dvmd_tls.o)

.debug_loclists
                0x00000000     0x3872
 .debug_loclists
                0x00000000       0x65 /usr/lib/gcc/arm-none-eabi/13.2.1/../../../arm-none-eabi/lib/libc_nano.a(libc_a-init.o)
 .debug_loclists
                0x00000065      0x24a /usr/lib/gcc/arm-none-eabi/13.2.1/../../../arm-none-eabi/lib/libc_nano.a(libc_a-puts.o)
 .debug_loclists
                0x000002af      0x1da /usr/lib/gcc/arm-none-eabi/13.2.1/../../../arm-none-eabi/lib/libc_nano.a(libc_a-findfp.o)
 .debug_loclists
                0x00000489      0x1c9 /usr/lib/gcc/arm-none-eabi/13.2.1/../../../arm-none-eabi/lib/libc_nano.a(libc_a-memset.o)
 .debug_loclists
                0x00000652      0x382 /usr/lib/gcc/arm-none-eabi/13.2.1/../../../arm-none-eabi/lib/libc_nano.a(libc_a-fflush.o)
 .debug_loclists
                0x000009d4      0x280 /usr/lib/gcc/arm-none-eabi/13.2.1/../../../arm-none-eabi/lib/libc_nano.a(libc_a-mallocr.o)
 .debug_loclists
                0x00000c54       0xe8 /usr/lib/gcc/arm-none-eabi/13.2.1/../../../arm-none-eabi/lib/libc_nano.a(libc_a-freer.o)
 .debug_loclists
                0x00000d3c       0x90 /usr/lib/gcc/arm-none-eabi/13.2.1/../../../arm-none-eabi/lib/libc_nano.a(libc_a-fwalk.o)
 .debug_loclists
                0x00000dcc       0x8f /usr/lib/gcc/arm-none-eabi/13.2.1/../../../arm-none-eabi/lib/libc_nano.a(libc_a-wsetup.o)
 .debug_loclists
                0x00000e5b      0x250 /usr/lib/gcc/arm-none-eabi/13.2.1/../../../arm-none-eabi/lib/libc_nano.a(libc_a-makebuf.o)
 .debug_loclists
                0x000010ab       0x1b /usr/lib/gcc/arm-none-eabi/13.2.1/../../../arm-none-eabi/lib/libc_nano.a(libc_a-exit.o)
 .debug_loclists
                0x000010c6       0x2b /usr/lib/gcc/arm-none-eabi/13.2.1/../../../arm-none-eabi/lib/libc_nano.a(libc_a-atexit.o)
 .debug_loclists
                0x000010f1      0x15f /usr/lib/gcc/arm-none-eabi/13.2.1/../../../arm-none-eabi/lib/libc_nano.a(libc_a-snprintf.o)
 .debug_loclists
                0x00001250       0x3c /usr/lib/gcc/arm-none-eabi/13.2.1/../../../arm-none-eabi/lib/libc_nano.a(libc_a-printf.o)
 .debug_loclists
                0x0000128c       0x4b /usr/lib/gcc/arm-none-eabi/13.2.1/../../../arm-none-eabi/lib/libc_nano.a(libc_a-isattyr.o)
 .debug_loclists
                0x000012d7      0x620 /usr/lib/gcc/arm-none-eabi/13.2.1/../../../arm-none-eabi/lib/libc_nano.a(libc_a-nano-vfprintf.o)
 .debug_loclists
                0x000018f7       0x42 /usr/lib/gcc/arm-none-eabi/13.2.1/../../../arm-none-eabi/lib/libc_nano.a(libc_a-fini.o)
 .debug_loclists
                0x00001939      0x1ba /usr/lib/gcc/arm-none-eabi/13.2.1/../../../arm-none-eabi/lib/libc_nano.a(libc_a-wbuf.o)
 .debug_loclists
                0x00001af3       0x62 /usr/lib/gcc/arm-none-eabi/13.2.1/../../../arm-none-eabi/lib/libc_nano.a(libc_a-sbrkr.o)
 .debug_loclists
                0x00001b55      0x29f /usr/lib/gcc/arm-none-eabi/13.2.1/../../../arm-none-eabi/lib/libc_nano.a(libc_a-stdio.o)
 .debug_loclists
                0x00001df4      0x595 /usr/lib/gcc/arm-none-eabi/13.2.1/../../../arm-none-eabi/lib/libc_nano.a(libc_a-nano-svfprintf.o)
 .debug_loclists
                0x00002389      0x476 /usr/lib/gcc/arm-none-eabi/13.2.1/../../../arm-none-eabi/lib/libc_nano.a(libc_a-fvwrite.o)
 .debug_loclists
                0x000027ff       0x4b /usr/lib/gcc/arm-none-eabi/13.2.1/../../../arm-none-eabi/lib/libc_nano.a(libc_a-closer.o)
 .debug_loclists
                0x0000284a      0x19d /usr/lib/gcc/arm-none-eabi/13.2.1/../../../arm-none-eabi/lib/libc_nano.a(libc_a-memmove.o)
 .debug_loclists
                0x000029e7       0x89 /usr/lib/gcc/arm-none-eabi/13.2.1/../../../arm-none-eabi/lib/libc_nano.a(libc_a-readr.o)
 .debug_loclists
                0x00002a70      0x134 /usr/lib/gcc/arm-none-eabi/13.2.1/../../../arm-none-eabi/lib/libc_nano.a(libc_a-__atexit.o)
 .debug_loclists
                0x00002ba4       0x98 /usr/lib/gcc/arm-none-eabi/13.2.1/../../../arm-none-eabi/lib/libc_nano.a(libc_a-reent.o)
 .debug_loclists
                0x00002c3c      0x133 /usr/lib/gcc/arm-none-eabi/13.2.1/../../../arm-none-eabi/lib/libc_nano.a(libc_a-reallocr.o)
 .debug_loclists
                0x00002d6f      0x5ba /usr/lib/gcc/arm-none-eabi/13.2.1/../../../arm-none-eabi/lib/libc_nano.a(libc_a-nano-vfprintf_i.o)
 .debug_loclists
                0x00003329       0x6a /usr/lib/gcc/arm-none-eabi/13.2.1/../../../arm-none-eabi/lib/libc_nano.a(libc_a-fstatr.o)
 .debug_loclists
                0x00003393       0x89 /usr/lib/gcc/arm-none-eabi/13.2.1/../../../arm-none-eabi/lib/libc_nano.a(libc_a-lseekr.o)
 .debug_loclists
                0x0000341c      0x123 /usr/lib/gcc/arm-none-eabi/13.2.1/../../../arm-none-eabi/lib/libc_nano.a(libc_a-memchr-stub.o)
 .debug_loclists
                0x0000353f      0x166 /usr/lib/gcc/arm-none-eabi/13.2.1/../../../arm-none-eabi/lib/libc_nano.a(libc_a-memcpy-stub.o)
 .debug_loclists
                0x000036a5       0x89 /usr/lib/gcc/arm-none-eabi/13.2.1/../../../arm-none-eabi/lib/libc_nano.a(libc_a-writer.o)
 .debug_loclists
                0x0000372e       0x59 /usr/lib/gcc/arm-none-eabi/13.2.1/../../../arm-none-eabi/lib/libc_nano.a(libc_a-msizer.o)
 .debug_loclists
                0x00003787       0xeb /usr/lib/gcc/arm-none-eabi/13.2.1/../../../arm-none-eabi/lib/libc_nano.a(libc_a-__call_atexit.o)

.debug_frame    0x00000000      0xd58
 .debug_frame   0x00000000       0x34 /usr/lib/gcc/arm-none-eabi/13.2.1/../../../arm-none-eabi/lib/libc_nano.a(libc_a-init.o)
 .debug_frame   0x00000034       0x50 /usr/lib/gcc/arm-none-eabi/13.2.1/../../../arm-none-eabi/lib/libc_nano.a(libc_a-puts.o)
 .debug_frame   0x00000084      0x12c /usr/lib/gcc/arm-none-eabi/13.2.1/../../../arm-none-eabi/lib/libc_nano.a(libc_a-findfp.o)
 .debug_frame   0x000001b0       0x34 /usr/lib/gcc/arm-none-eabi/13.2.1/../../../arm-none-eabi/lib/libc_nano.a(libc_a-memset.o)
 .debug_frame   0x000001e4       0xb8 /usr/lib/gcc/arm-none-eabi/13.2.1/../../../arm-none-eabi/lib/libc_nano.a(libc_a-fflush.o)
 .debug_frame   0x0000029c       0x20 /usr/lib/gcc/arm-none-eabi/13.2.1/../../../arm-none-eabi/lib/libc_nano.a(libc_a-errno.o)
 .debug_frame   0x000002bc       0x74 /usr/lib/gcc/arm-none-eabi/13.2.1/../../../arm-none-eabi/lib/libc_nano.a(libc_a-mallocr.o)
 .debug_frame   0x00000330       0x40 /usr/lib/gcc/arm-none-eabi/13.2.1/../../../arm-none-eabi/lib/libc_nano.a(libc_a-freer.o)
 .debug_frame   0x00000370       0x40 /usr/lib/gcc/arm-none-eabi/13.2.1/../../../arm-none-eabi/lib/libc_nano.a(libc_a-fwalk.o)
 .debug_frame   0x000003b0       0x38 /usr/lib/gcc/arm-none-eabi/13.2.1/../../../arm-none-eabi/lib/libc_nano.a(libc_a-wsetup.o)
 .debug_frame   0x000003e8       0x30 /usr/lib/gcc/arm-none-eabi/13.2.1/../../../arm-none-eabi/lib/libc_nano.a(libc_a-mlock.o)
 .debug_frame   0x00000418       0x74 /usr/lib/gcc/arm-none-eabi/13.2.1/../../../arm-none-eabi/lib/libc_nano.a(libc_a-makebuf.o)
 .debug_frame   0x0000048c       0x28 /usr/lib/gcc/arm-none-eabi/13.2.1/../../../arm-none-eabi/lib/libc_nano.a(libc_a-exit.o)
 .debug_frame   0x000004b4       0x2c /usr/lib/gcc/arm-none-eabi/13.2.1/../../../arm-none-eabi/lib/libc_nano.a(libc_a-atexit.o)
 .debug_frame   0x000004e0       0x8c /usr/lib/gcc/arm-none-eabi/13.2.1/../../../arm-none-eabi/lib/libc_nano.a(libc_a-snprintf.o)
 .debug_frame   0x0000056c       0x74 /usr/lib/gcc/arm-none-eabi/13.2.1/../../../arm-none-eabi/lib/libc_nano.a(libc_a-printf.o)
 .debug_frame   0x000005e0       0x34 /usr/lib/gcc/arm-none-eabi/13.2.1/../../../arm-none-eabi/lib/libc_nano.a(libc_a-isattyr.o)
 .debug_frame   0x00000614       0xe0 /usr/lib/gcc/arm-none-eabi/13.2.1/../../../arm-none-eabi/lib/libc_nano.a(libc_a-nano-vfprintf.o)
 .debug_frame   0x000006f4       0x34 /usr/lib/gcc/arm-none-eabi/13.2.1/../../../arm-none-eabi/lib/libc_nano.a(libc_a-fini.o)
 .debug_frame   0x00000728       0x58 /usr/lib/gcc/arm-none-eabi/13.2.1/../../../arm-none-eabi/lib/libc_nano.a(libc_a-wbuf.o)
 .debug_frame   0x00000780       0x3c /usr/lib/gcc/arm-none-eabi/13.2.1/../../../arm-none-eabi/lib/libc_nano.a(libc_a-sbrkr.o)
 .debug_frame   0x000007bc       0xa0 /usr/lib/gcc/arm-none-eabi/13.2.1/../../../arm-none-eabi/lib/libc_nano.a(libc_a-stdio.o)
 .debug_frame   0x0000085c       0xbc /usr/lib/gcc/arm-none-eabi/13.2.1/../../../arm-none-eabi/lib/libc_nano.a(libc_a-nano-svfprintf.o)
 .debug_frame   0x00000918       0x70 /usr/lib/gcc/arm-none-eabi/13.2.1/../../../arm-none-eabi/lib/libc_nano.a(libc_a-fvwrite.o)
 .debug_frame   0x00000988       0x34 /usr/lib/gcc/arm-none-eabi/13.2.1/../../../arm-none-eabi/lib/libc_nano.a(libc_a-closer.o)
 .debug_frame   0x000009bc       0x34 /usr/lib/gcc/arm-none-eabi/13.2.1/../../../arm-none-eabi/lib/libc_nano.a(libc_a-memmove.o)
 .debug_frame   0x000009f0       0x34 /usr/lib/gcc/arm-none-eabi/13.2.1/../../../arm-none-eabi/lib/libc_nano.a(libc_a-readr.o)
 .debug_frame   0x00000a24       0x40 /usr/lib/gcc/arm-none-eabi/13.2.1/../../../arm-none-eabi/lib/libc_nano.a(libc_a-__atexit.o)
 .debug_frame   0x00000a64       0x40 /usr/lib/gcc/arm-none-eabi/13.2.1/../../../arm-none-eabi/lib/libc_nano.a(libc_a-reent.o)
 .debug_frame   0x00000aa4       0x48 /usr/lib/gcc/arm-none-eabi/13.2.1/../../../arm-none-eabi/lib/libc_nano.a(libc_a-reallocr.o)
 .debug_frame   0x00000aec       0xa4 /usr/lib/gcc/arm-none-eabi/13.2.1/../../../arm-none-eabi/lib/libc_nano.a(libc_a-nano-vfprintf_i.o)
 .debug_frame   0x00000b90       0x34 /usr/lib/gcc/arm-none-eabi/13.2.1/../../../arm-none-eabi/lib/libc_nano.a(libc_a-fstatr.o)
 .debug_frame   0x00000bc4       0x34 /usr/lib/gcc/arm-none-eabi/13.2.1/../../../arm-none-eabi/lib/libc_nano.a(libc_a-lseekr.o)
 .debug_frame   0x00000bf8       0x44 /usr/lib/gcc/arm-none-eabi/13.2.1/../../../arm-none-eabi/lib/libc_nano.a(libc_a-memchr-stub.o)
 .debug_frame   0x00000c3c       0x3c /usr/lib/gcc/arm-none-eabi/13.2.1/../../../arm-none-eabi/lib/libc_nano.a(libc_a-memcpy-stub.o)
 .debug_frame   0x00000c78       0x34 /usr/lib/gcc/arm-none-eabi/13.2.1/../../../arm-none-eabi/lib/libc_nano.a(libc_a-writer.o)
 .debug_frame   0x00000cac       0x20 /usr/lib/gcc/arm-none-eabi/13.2.1/../../../arm-none-eabi/lib/libc_nano.a(libc_a-msizer.o)
 .debug_frame   0x00000ccc       0x4c /usr/lib/gcc/arm-none-eabi/13.2.1/../../../arm-none-eabi/lib/libc_nano.a(libc_a-__call_atexit.o)
 .debug_frame   0x00000d18       0x20 /usr/lib/gcc/arm-none-eabi/13.2.1/libgcc.a(_udivsi3.o)
 .debug_frame   0x00000d38       0x20 /usr/lib/gcc/arm-none-eabi/13.2.1/libgcc.a(_divsi3.o)

.debug_rnglists
                0x00000000      0x2b2
 .debug_rnglists
                0x00000000       0x36 /usr/lib/gcc/arm-none-eabi/13.2.1/../../../arm-none-eabi/lib/libc_nano.a(libc_a-puts.o)
 .debug_rnglists
                0x00000036       0x70 /usr/lib/gcc/arm-none-eabi/13.2.1/../../../arm-none-eabi/lib/libc_nano.a(libc_a-findfp.o)
 .debug_rnglists
                0x000000a6       0x63 /usr/lib/gcc/arm-none-eabi/13.2.1/../../../arm-none-eabi/lib/libc_nano.a(libc_a-fflush.o)
 .debug_rnglists
                0x00000109       0x1c /usr/lib/gcc/arm-none-eabi/13.2.1/../../../arm-none-eabi/lib/libc_nano.a(libc_a-mallocr.o)
 .debug_rnglists
                0x00000125       0x16 /usr/lib/gcc/arm-none-eabi/13.2.1/../../../arm-none-eabi/lib/libc_nano.a(libc_a-freer.o)
 .debug_rnglists
                0x0000013b       0x18 /usr/lib/gcc/arm-none-eabi/13.2.1/../../../arm-none-eabi/lib/libc_nano.a(libc_a-wsetup.o)
 .debug_rnglists
                0x00000153       0x20 /usr/lib/gcc/arm-none-eabi/13.2.1/../../../arm-none-eabi/lib/libc_nano.a(libc_a-makebuf.o)
 .debug_rnglists
                0x00000173       0x21 /usr/lib/gcc/arm-none-eabi/13.2.1/../../../arm-none-eabi/lib/libc_nano.a(libc_a-nano-vfprintf.o)
 .debug_rnglists
                0x00000194       0x1b /usr/lib/gcc/arm-none-eabi/13.2.1/../../../arm-none-eabi/lib/libc_nano.a(libc_a-wbuf.o)
 .debug_rnglists
                0x000001af       0x42 /usr/lib/gcc/arm-none-eabi/13.2.1/../../../arm-none-eabi/lib/libc_nano.a(libc_a-nano-svfprintf.o)
 .debug_rnglists
                0x000001f1       0x30 /usr/lib/gcc/arm-none-eabi/13.2.1/../../../arm-none-eabi/lib/libc_nano.a(libc_a-fvwrite.o)
 .debug_rnglists
                0x00000221       0x62 /usr/lib/gcc/arm-none-eabi/13.2.1/../../../arm-none-eabi/lib/libc_nano.a(libc_a-nano-vfprintf_i.o)
 .debug_rnglists
                0x00000283       0x2f /usr/lib/gcc/arm-none-eabi/13.2.1/../../../arm-none-eabi/lib/libc_nano.a(libc_a-__call_atexit.o)
